Archive member included to satisfy reference by file (symbol)

c:/nxp/mcuxpressoide_11.2.1_4149/ide/plugins/com.nxp.mcuxpresso.tools.win32_11.2.0.202008311134/tools/bin/../lib/gcc/arm-none-eabi/9.2.1/../../../../arm-none-eabi/lib/thumb/v6-m/nofp\libcr_semihost_nf.a(_cr__main.o)
                              ./startup/startup_lpc804.o (__main)
c:/nxp/mcuxpressoide_11.2.1_4149/ide/plugins/com.nxp.mcuxpresso.tools.win32_11.2.0.202008311134/tools/bin/../lib/gcc/arm-none-eabi/9.2.1/../../../../arm-none-eabi/lib/thumb/v6-m/nofp\libcr_semihost_nf.a(_cr_assert.o)
                              ./drivers/fsl_clock.o (__assertion_failed)
c:/nxp/mcuxpressoide_11.2.1_4149/ide/plugins/com.nxp.mcuxpresso.tools.win32_11.2.0.202008311134/tools/bin/../lib/gcc/arm-none-eabi/9.2.1/../../../../arm-none-eabi/lib/thumb/v6-m/nofp\libcr_semihost_nf.a(__ciob.o)
                              c:/nxp/mcuxpressoide_11.2.1_4149/ide/plugins/com.nxp.mcuxpresso.tools.win32_11.2.0.202008311134/tools/bin/../lib/gcc/arm-none-eabi/9.2.1/../../../../arm-none-eabi/lib/thumb/v6-m/nofp\libcr_semihost_nf.a(_cr_assert.o) (__Ciob)
c:/nxp/mcuxpressoide_11.2.1_4149/ide/plugins/com.nxp.mcuxpresso.tools.win32_11.2.0.202008311134/tools/bin/../lib/gcc/arm-none-eabi/9.2.1/../../../../arm-none-eabi/lib/thumb/v6-m/nofp\libcr_semihost_nf.a(__sys_appexit.o)
                              c:/nxp/mcuxpressoide_11.2.1_4149/ide/plugins/com.nxp.mcuxpresso.tools.win32_11.2.0.202008311134/tools/bin/../lib/gcc/arm-none-eabi/9.2.1/../../../../arm-none-eabi/lib/thumb/v6-m/nofp\libcr_semihost_nf.a(_cr_assert.o) (__sys_appexit)
c:/nxp/mcuxpressoide_11.2.1_4149/ide/plugins/com.nxp.mcuxpresso.tools.win32_11.2.0.202008311134/tools/bin/../lib/gcc/arm-none-eabi/9.2.1/../../../../arm-none-eabi/lib/thumb/v6-m/nofp\libcr_c.a(memset.o)
                              ./drivers/fsl_usart.o (memset)
c:/nxp/mcuxpressoide_11.2.1_4149/ide/plugins/com.nxp.mcuxpresso.tools.win32_11.2.0.202008311134/tools/bin/../lib/gcc/arm-none-eabi/9.2.1/../../../../arm-none-eabi/lib/thumb/v6-m/nofp\libcr_c.a(_deferredlazyseek.o)
                              c:/nxp/mcuxpressoide_11.2.1_4149/ide/plugins/com.nxp.mcuxpresso.tools.win32_11.2.0.202008311134/tools/bin/../lib/gcc/arm-none-eabi/9.2.1/../../../../arm-none-eabi/lib/thumb/v6-m/nofp\libcr_semihost_nf.a(_cr_assert.o) (__flsbuf)
c:/nxp/mcuxpressoide_11.2.1_4149/ide/plugins/com.nxp.mcuxpresso.tools.win32_11.2.0.202008311134/tools/bin/../lib/gcc/arm-none-eabi/9.2.1/../../../../arm-none-eabi/lib/thumb/v6-m/nofp\libcr_c.a(_fflush.o)
                              c:/nxp/mcuxpressoide_11.2.1_4149/ide/plugins/com.nxp.mcuxpresso.tools.win32_11.2.0.202008311134/tools/bin/../lib/gcc/arm-none-eabi/9.2.1/../../../../arm-none-eabi/lib/thumb/v6-m/nofp\libcr_c.a(_deferredlazyseek.o) (_fflush)
c:/nxp/mcuxpressoide_11.2.1_4149/ide/plugins/com.nxp.mcuxpresso.tools.win32_11.2.0.202008311134/tools/bin/../lib/gcc/arm-none-eabi/9.2.1/../../../../arm-none-eabi/lib/thumb/v6-m/nofp\libcr_c.a(_writebuf.o)
                              c:/nxp/mcuxpressoide_11.2.1_4149/ide/plugins/com.nxp.mcuxpresso.tools.win32_11.2.0.202008311134/tools/bin/../lib/gcc/arm-none-eabi/9.2.1/../../../../arm-none-eabi/lib/thumb/v6-m/nofp\libcr_c.a(_deferredlazyseek.o) (_Cwritebuf)
c:/nxp/mcuxpressoide_11.2.1_4149/ide/plugins/com.nxp.mcuxpresso.tools.win32_11.2.0.202008311134/tools/bin/../lib/gcc/arm-none-eabi/9.2.1/../../../../arm-none-eabi/lib/thumb/v6-m/nofp\libcr_c.a(alloc.o)
                              ./drivers/fsl_common.o (malloc)
c:/nxp/mcuxpressoide_11.2.1_4149/ide/plugins/com.nxp.mcuxpresso.tools.win32_11.2.0.202008311134/tools/bin/../lib/gcc/arm-none-eabi/9.2.1/../../../../arm-none-eabi/lib/thumb/v6-m/nofp\libcr_c.a(fputs.o)
                              c:/nxp/mcuxpressoide_11.2.1_4149/ide/plugins/com.nxp.mcuxpresso.tools.win32_11.2.0.202008311134/tools/bin/../lib/gcc/arm-none-eabi/9.2.1/../../../../arm-none-eabi/lib/thumb/v6-m/nofp\libcr_semihost_nf.a(_cr_assert.o) (fputs)
c:/nxp/mcuxpressoide_11.2.1_4149/ide/plugins/com.nxp.mcuxpresso.tools.win32_11.2.0.202008311134/tools/bin/../lib/gcc/arm-none-eabi/9.2.1/../../../../arm-none-eabi/lib/thumb/v6-m/nofp\libcr_c.a(fseek.o)
                              c:/nxp/mcuxpressoide_11.2.1_4149/ide/plugins/com.nxp.mcuxpresso.tools.win32_11.2.0.202008311134/tools/bin/../lib/gcc/arm-none-eabi/9.2.1/../../../../arm-none-eabi/lib/thumb/v6-m/nofp\libcr_c.a(_deferredlazyseek.o) (fseek)
c:/nxp/mcuxpressoide_11.2.1_4149/ide/plugins/com.nxp.mcuxpresso.tools.win32_11.2.0.202008311134/tools/bin/../lib/gcc/arm-none-eabi/9.2.1/../../../../arm-none-eabi/lib/thumb/v6-m/nofp\libcr_c.a(ftell.o)
                              c:/nxp/mcuxpressoide_11.2.1_4149/ide/plugins/com.nxp.mcuxpresso.tools.win32_11.2.0.202008311134/tools/bin/../lib/gcc/arm-none-eabi/9.2.1/../../../../arm-none-eabi/lib/thumb/v6-m/nofp\libcr_c.a(fseek.o) (ftell)
[...]
Memory Configuration

Name             Origin             Length             Attributes
PROGRAM_FLASH    0x00000000         0x00007f80         xr
BOOT_FLASH       0x00007f80         0x00000080         xr
SRAM             0x10000000         0x00000fe0         xrw
IAP_SRAM         0x10000fe0         0x00000020         xrw
*default*        0x00000000         0xffffffff

Linker script and memory map

LOAD ./utilities/fsl_debug_console.o
LOAD ./startup/startup_lpc804.o
LOAD ./source/LPC804_Interrupt_LED_Toggle.o
LOAD ./source/semihost_hardfault.o
LOAD ./drivers/fsl_clock.o
LOAD ./drivers/fsl_common.o
LOAD ./drivers/fsl_gpio.o
LOAD ./drivers/fsl_pint.o
LOAD ./drivers/fsl_power.o
LOAD ./drivers/fsl_reset.o
LOAD ./drivers/fsl_swm.o
LOAD ./drivers/fsl_syscon.o
LOAD ./drivers/fsl_usart.o
LOAD ./device/system_LPC804.o
LOAD ./component/uart/miniusart_adapter.o
LOAD ./board/board.o
LOAD ./board/clock_config.o
LOAD ./board/peripherals.o
LOAD ./board/pin_mux.o
START GROUP
LOAD c:/nxp/mcuxpressoide_11.2.1_4149/ide/plugins/com.nxp.mcuxpresso.tools.win32_11.2.0.202008311134/tools/bin/../lib/gcc/arm-none-eabi/9.2.1/../../../../arm-none-eabi/lib/thumb/v6-m/nofp\libcr_semihost_nf.a
LOAD c:/nxp/mcuxpressoide_11.2.1_4149/ide/plugins/com.nxp.mcuxpresso.tools.win32_11.2.0.202008311134/tools/bin/../lib/gcc/arm-none-eabi/9.2.1/../../../../arm-none-eabi/lib/thumb/v6-m/nofp\libcr_c.a
LOAD c:/nxp/mcuxpressoide_11.2.1_4149/ide/plugins/com.nxp.mcuxpresso.tools.win32_11.2.0.202008311134/tools/bin/../lib/gcc/arm-none-eabi/9.2.1/thumb/v6-m/nofp\libcr_eabihelpers.a
LOAD c:/nxp/mcuxpressoide_11.2.1_4149/ide/plugins/com.nxp.mcuxpresso.tools.win32_11.2.0.202008311134/tools/bin/../lib/gcc/arm-none-eabi/9.2.1/thumb/v6-m/nofp\libgcc.a
END GROUP
                0x00000000                __base_PROGRAM_FLASH = 0x0
                0x00000000                __base_Flash = 0x0
                0x00007f80                __top_PROGRAM_FLASH = 0x7f80
                0x00007f80                __top_Flash = 0x7f80
                0x00007f80                __base_BOOT_FLASH = 0x7f80
                0x00007f80                __base_Flash2 = 0x7f80
                0x00008000                __top_BOOT_FLASH = 0x8000
                0x00008000                __top_Flash2 = 0x8000
                0x10000000                __base_SRAM = 0x10000000
                0x10000000                __base_RAM = 0x10000000
                0x10000fe0                __top_SRAM = 0x10000fe0
                0x10000fe0                __top_RAM = 0x10000fe0
                0x10000fe0                __base_IAP_SRAM = 0x10000fe0
                0x10000fe0                __base_RAM2 = 0x10000fe0
                0x10001000                __top_IAP_SRAM = 0x10001000
                0x10001000                __top_RAM2 = 0x10001000

.text_Flash2    0x00007f80        0x0
 FILL mask 0xff
 *(SORT_BY_ALIGNMENT(.text_Flash2))
 *(SORT_BY_ALIGNMENT(.text_BOOT_FLASH))
 *(SORT_BY_ALIGNMENT(.text.$Flash2))
 *(SORT_BY_ALIGNMENT(.text.$BOOT_FLASH))
 *(SORT_BY_ALIGNMENT(.text_Flash2.*))
 *(SORT_BY_ALIGNMENT(.text_BOOT_FLASH.*))
 *(SORT_BY_ALIGNMENT(.text.$Flash2.*))
 *(SORT_BY_ALIGNMENT(.text.$BOOT_FLASH.*))
 *(SORT_BY_ALIGNMENT(.rodata.$Flash2))
 *(SORT_BY_ALIGNMENT(.rodata.$BOOT_FLASH))
 *(SORT_BY_ALIGNMENT(.rodata.$Flash2.*))
 *(SORT_BY_ALIGNMENT(.rodata.$BOOT_FLASH.*))

.text           0x00000000     0x1d28
 FILL mask 0xff
                0x00000000                __vectors_start__ = ABSOLUTE (.)
 *(SORT_BY_ALIGNMENT(.isr_vector))
 .isr_vector    0x00000000       0xc0 ./startup/startup_lpc804.o
                0x00000000                g_pfnVectors
                0x00000000                __Vectors
                0x000000c0                . = ALIGN (0x4)
                0x000000c0                __section_table_start = .
                0x000000c0                __data_section_table = .
                0x000000c0        0x4 LONG 0x1d28 LOADADDR (.data)
                0x000000c4        0x4 LONG 0x10000000 ADDR (.data)
                0x000000c8        0x4 LONG 0xc SIZEOF (.data)
                0x000000cc        0x4 LONG 0x1d28 LOADADDR (.data_RAM2)
                0x000000d0        0x4 LONG 0x10000fe0 ADDR (.data_RAM2)
                0x000000d4        0x4 LONG 0x0 SIZEOF (.data_RAM2)
                0x000000d8                __data_section_table_end = .
                0x000000d8                __bss_section_table = .
                0x000000d8        0x4 LONG 0x1000000c ADDR (.bss)
                0x000000dc        0x4 LONG 0xf4 SIZEOF (.bss)
                0x000000e0        0x4 LONG 0x10000fe0 ADDR (.bss_RAM2)
                0x000000e4        0x4 LONG 0x0 SIZEOF (.bss_RAM2)
                0x000000e8                __bss_section_table_end = .
                0x000000e8                __section_table_end = .
 *(SORT_BY_ALIGNMENT(.after_vectors*))
 .after_vectors.reset
                0x000000e8       0x58 ./startup/startup_lpc804.o
                0x000000e8                ResetISR
 .after_vectors.init_data
                0x00000140       0x12 ./startup/startup_lpc804.o
                0x00000140                data_init
 .after_vectors.init_bss
                0x00000152       0x10 ./startup/startup_lpc804.o
                0x00000152                bss_init
 .after_vectors
                0x00000162      0x10c ./startup/startup_lpc804.o
                0x00000162                NMI_Handler
                0x00000166                SVC_Handler
                0x00000168                PendSV_Handler
                0x0000016a                SysTick_Handler
                0x0000016c                Reserved37_DriverIRQHandler
                0x0000016c                Reserved21_DriverIRQHandler
                0x0000016c                SPI0_DriverIRQHandler
                0x0000016c                ADC_SEQA_DriverIRQHandler
                0x0000016c                I2C1_DriverIRQHandler
                0x0000016c                BOD_DriverIRQHandler
                0x0000016c                FLASH_DriverIRQHandler
                0x0000016c                Reserved36_DriverIRQHandler
                0x0000016c                ADC_SEQB_DriverIRQHandler
                0x0000016c                Reserved17_DriverIRQHandler
                0x0000016c                Reserved25_DriverIRQHandler
                0x0000016c                IntDefaultHandler
                0x0000016c                WDT_DriverIRQHandler
                0x0000016c                PIN_INT6_DriverIRQHandler
                0x0000016c                WKT_DriverIRQHandler
                0x0000016c                DAC0_DriverIRQHandler
                0x0000016c                MRT0_DriverIRQHandler
                0x0000016c                PIN_INT5_DriverIRQHandler
                0x0000016c                CTIMER0_DriverIRQHandler
                0x0000016c                CMP_CAPT_DriverIRQHandler
                0x0000016c                I2C0_DriverIRQHandler
                0x0000016c                PIN_INT7_DriverIRQHandler
                0x0000016c                ADC_THCMP_DriverIRQHandler
                0x0000016c                Reserved38_DriverIRQHandler
                0x0000016c                ADC_OVR_DriverIRQHandler
                0x0000016c                Reserved22_DriverIRQHandler
                0x0000016e                SPI0_IRQHandler
                0x00000176                Reserved17_IRQHandler
                0x0000017e                DAC0_IRQHandler
                0x00000186                USART0_IRQHandler
                0x0000018e                USART1_IRQHandler
                0x00000196                Reserved21_IRQHandler
                0x0000019e                Reserved22_IRQHandler
                0x000001a6                I2C1_IRQHandler
                0x000001ae                I2C0_IRQHandler
                0x000001b6                Reserved25_IRQHandler
                0x000001be                MRT0_IRQHandler
                0x000001c6                CMP_CAPT_IRQHandler
                0x000001ce                WDT_IRQHandler
                0x000001d6                BOD_IRQHandler
                0x000001de                FLASH_IRQHandler
                0x000001e6                WKT_IRQHandler
                0x000001ee                ADC_SEQA_IRQHandler
                0x000001f6                ADC_SEQB_IRQHandler
                0x000001fe                ADC_THCMP_IRQHandler
                0x00000206                ADC_OVR_IRQHandler
                0x0000020e                Reserved36_IRQHandler
                0x00000216                Reserved37_IRQHandler
                0x0000021e                Reserved38_IRQHandler
                0x00000226                CTIMER0_IRQHandler
                0x0000022e                PIN_INT0_IRQHandler
                0x00000236                PIN_INT1_IRQHandler
                0x0000023e                PIN_INT2_IRQHandler
                0x00000246                PIN_INT3_IRQHandler
                0x0000024e                PIN_INT4_IRQHandler
                0x00000256                PIN_INT5_IRQHandler
                0x0000025e                PIN_INT6_IRQHandler
                0x00000266                PIN_INT7_IRQHandler
                0x000002fc                . = 0x2fc
 *fill*         0x0000026e       0x8e ff
                0x000002fc                PROVIDE (__CRP_WORD_START__ = .)
 *(SORT_BY_ALIGNMENT(.crp))
 .crp           0x000002fc        0x4 ./startup/startup_lpc804.o
                0x000002fc                CRP_WORD
                0x00000300                PROVIDE (__CRP_WORD_END__ = .)
                0x00000001                ASSERT (! ((__CRP_WORD_START__ == __CRP_WORD_END__)), Linker CRP Enabled, but no CRP_WORD provided within application)
 *(SORT_BY_ALIGNMENT(.text*))
 .text.pint_intr_callback
                0x00000300       0x38 ./source/LPC804_Interrupt_LED_Toggle.o
                0x00000300                pint_intr_callback
 .text.interrupt_init
                0x00000338       0x44 ./source/LPC804_Interrupt_LED_Toggle.o
                0x00000338                interrupt_init
 .text.main     0x0000037c       0x38 ./source/LPC804_Interrupt_LED_Toggle.o
                0x0000037c                main
 .text.HardFault_Handler
                0x000003b4       0x30 ./source/semihost_hardfault.o
                0x000003b4                HardFault_Handler
 .text.CLOCK_GetLPOscFreq
                0x000003e4       0x14 ./drivers/fsl_clock.o
 .text.CLOCK_GetExtClkFreq
                0x000003f8       0x14 ./drivers/fsl_clock.o
 .text.CLOCK_SetFRGClkFreq
                0x0000040c       0xa0 ./drivers/fsl_clock.o
 .text.CLOCK_UpdateClkSrc
                0x000004ac       0x4c ./drivers/fsl_clock.o
 .text.CLOCK_SetFRG0ClkFreq
                0x000004f8       0x24 ./drivers/fsl_clock.o
                0x000004f8                CLOCK_SetFRG0ClkFreq
 .text.CLOCK_GetMainClkFreq
                0x0000051c       0x68 ./drivers/fsl_clock.o
                0x0000051c                CLOCK_GetMainClkFreq
 .text.CLOCK_GetFroFreq
                0x00000584       0x14 ./drivers/fsl_clock.o
                0x00000584                CLOCK_GetFroFreq
 .text.CLOCK_SetMainClkSrc
                0x00000598       0x4c ./drivers/fsl_clock.o
                0x00000598                CLOCK_SetMainClkSrc
 .text.CLOCK_SetFroOscFreq
                0x000005e4       0x44 ./drivers/fsl_clock.o
                0x000005e4                CLOCK_SetFroOscFreq
 .text.__NVIC_EnableIRQ
                0x00000628       0x34 ./drivers/fsl_pint.o
 .text.__NVIC_ClearPendingIRQ
                0x0000065c       0x38 ./drivers/fsl_pint.o
 .text.CLOCK_EnableClock
                0x00000694       0x54 ./drivers/fsl_pint.o
 .text.PINT_Init
                0x000006e8       0xa4 ./drivers/fsl_pint.o
                0x000006e8                PINT_Init
 .text.PINT_PinInterruptConfig
                0x0000078c       0xfc ./drivers/fsl_pint.o
                0x0000078c                PINT_PinInterruptConfig
 .text.PINT_EnableCallbackByIndex
                0x00000888       0x58 ./drivers/fsl_pint.o
                0x00000888                PINT_EnableCallbackByIndex
 .text.PIN_INT0_DriverIRQHandler
                0x000008e0       0x4c ./drivers/fsl_pint.o
                0x000008e0                PIN_INT0_DriverIRQHandler
 .text.PIN_INT1_DriverIRQHandler
                0x0000092c       0x4c ./drivers/fsl_pint.o
                0x0000092c                PIN_INT1_DriverIRQHandler
 .text.PIN_INT2_DriverIRQHandler
                0x00000978       0x4c ./drivers/fsl_pint.o
                0x00000978                PIN_INT2_DriverIRQHandler
 .text.PIN_INT3_DriverIRQHandler
                0x000009c4       0x4c ./drivers/fsl_pint.o
                0x000009c4                PIN_INT3_DriverIRQHandler
 .text.PIN_INT4_DriverIRQHandler
                0x00000a10       0x4c ./drivers/fsl_pint.o
                0x00000a10                PIN_INT4_DriverIRQHandler
 .text.RESET_SetPeripheralReset
                0x00000a5c       0x70 ./drivers/fsl_reset.o
 .text.RESET_ClearPeripheralReset
                0x00000acc       0x6c ./drivers/fsl_reset.o
 .text.SWM_SetMovablePinSelect
                0x00000b38       0x98 ./drivers/fsl_swm.o
                0x00000b38                SWM_SetMovablePinSelect
 .text.USART0_DriverIRQHandler
                0x00000bd0       0x24 ./drivers/fsl_usart.o
                0x00000bd0                USART0_DriverIRQHandler
 .text.USART1_DriverIRQHandler
                0x00000bf4       0x24 ./drivers/fsl_usart.o
                0x00000bf4                USART1_DriverIRQHandler
 .text.SystemInit
                0x00000c18       0x2c ./device/system_LPC804.o
                0x00000c18                SystemInit
 .text.CLOCK_Select
                0x00000c44       0x38 ./board/clock_config.o
 .text.CLOCK_SetCoreSysClkDiv
                0x00000c7c       0x3c ./board/clock_config.o
 .text.POWER_DisablePD
                0x00000cb8       0x2c ./board/clock_config.o
 .text.BOARD_BootClockFRO18M
                0x00000ce4       0x68 ./board/clock_config.o
                0x00000ce4                BOARD_BootClockFRO18M
 .text.PINT_init
                0x00000d4c       0x24 ./board/peripherals.o
 .text.CLOCK_EnableClock
                0x00000d70       0x54 ./board/pin_mux.o
 .text.CLOCK_DisableClock
                0x00000dc4       0x58 ./board/pin_mux.o
 .text.BOARD_InitPins
                0x00000e1c       0x60 ./board/pin_mux.o
                0x00000e1c                BOARD_InitPins
 .text.BOARD_InitDEBUG_UARTPins
                0x00000e7c       0x60 ./board/pin_mux.o
                0x00000e7c                BOARD_InitDEBUG_UARTPins
 .text.__assertion_failed
                0x00000edc       0x4c c:/nxp/mcuxpressoide_11.2.1_4149/ide/plugins/com.nxp.mcuxpresso.tools.win32_11.2.0.202008311134/tools/bin/../lib/gcc/arm-none-eabi/9.2.1/../../../../arm-none-eabi/lib/thumb/v6-m/nofp\libcr_semihost_nf.a(_cr_assert.o)
                0x00000edc                __assertion_failed
 .text.__sys_appexit
                0x00000f28        0xc c:/nxp/mcuxpressoide_11.2.1_4149/ide/plugins/com.nxp.mcuxpresso.tools.win32_11.2.0.202008311134/tools/bin/../lib/gcc/arm-none-eabi/9.2.1/../../../../arm-none-eabi/lib/thumb/v6-m/nofp\libcr_semihost_nf.a(__sys_appexit.o)
                0x00000f28                __sys_appexit
                0x00000f28                __exit
 .text._deferredlazyseek
                0x00000f34       0x40 c:/nxp/mcuxpressoide_11.2.1_4149/ide/plugins/com.nxp.mcuxpresso.tools.win32_11.2.0.202008311134/tools/bin/../lib/gcc/arm-none-eabi/9.2.1/../../../../arm-none-eabi/lib/thumb/v6-m/nofp\libcr_c.a(_deferredlazyseek.o)
                0x00000f34                _deferredlazyseek
 .text.__flsbuf
                0x00000f74      0x150 c:/nxp/mcuxpressoide_11.2.1_4149/ide/plugins/com.nxp.mcuxpresso.tools.win32_11.2.0.202008311134/tools/bin/../lib/gcc/arm-none-eabi/9.2.1/../../../../arm-none-eabi/lib/thumb/v6-m/nofp\libcr_c.a(_deferredlazyseek.o)
                0x00000f74                __flsbuf
 .text._fflush  0x000010c4       0x60 c:/nxp/mcuxpressoide_11.2.1_4149/ide/plugins/com.nxp.mcuxpresso.tools.win32_11.2.0.202008311134/tools/bin/../lib/gcc/arm-none-eabi/9.2.1/../../../../arm-none-eabi/lib/thumb/v6-m/nofp\libcr_c.a(_fflush.o)
                0x000010c4                _fflush
 .text._Cwritebuf
                0x00001124       0x68 c:/nxp/mcuxpressoide_11.2.1_4149/ide/plugins/com.nxp.mcuxpresso.tools.win32_11.2.0.202008311134/tools/bin/../lib/gcc/arm-none-eabi/9.2.1/../../../../arm-none-eabi/lib/thumb/v6-m/nofp\libcr_c.a(_writebuf.o)
                0x00001124                _Cwritebuf
 .text.malloc   0x0000118c       0xd0 c:/nxp/mcuxpressoide_11.2.1_4149/ide/plugins/com.nxp.mcuxpresso.tools.win32_11.2.0.202008311134/tools/bin/../lib/gcc/arm-none-eabi/9.2.1/../../../../arm-none-eabi/lib/thumb/v6-m/nofp\libcr_c.a(alloc.o)
                0x0000118c                malloc
 .text._Csys_alloc
                0x0000125c       0x20 c:/nxp/mcuxpressoide_11.2.1_4149/ide/plugins/com.nxp.mcuxpresso.tools.win32_11.2.0.202008311134/tools/bin/../lib/gcc/arm-none-eabi/9.2.1/../../../../arm-none-eabi/lib/thumb/v6-m/nofp\libcr_c.a(alloc.o)
                0x0000125c                _Csys_alloc
 .text.fseek    0x0000127c       0xf4 c:/nxp/mcuxpressoide_11.2.1_4149/ide/plugins/com.nxp.mcuxpresso.tools.win32_11.2.0.202008311134/tools/bin/../lib/gcc/arm-none-eabi/9.2.1/../../../../arm-none-eabi/lib/thumb/v6-m/nofp\libcr_c.a(fseek.o)
                0x0000127c                fseek
 .text.ftell    0x00001370       0x48 c:/nxp/mcuxpressoide_11.2.1_4149/ide/plugins/com.nxp.mcuxpresso.tools.win32_11.2.0.202008311134/tools/bin/../lib/gcc/arm-none-eabi/9.2.1/../../../../arm-none-eabi/lib/thumb/v6-m/nofp\libcr_c.a(ftell.o)
                0x00001370                ftell
 .text._initio  0x000013b8       0x7c c:/nxp/mcuxpressoide_11.2.1_4149/ide/plugins/com.nxp.mcuxpresso.tools.win32_11.2.0.202008311134/tools/bin/../lib/gcc/arm-none-eabi/9.2.1/../../../../arm-none-eabi/lib/thumb/v6-m/nofp\libcr_c.a(initio.o)
                0x000013b8                _initio
 .text.setvbuf  0x00001434       0x4c c:/nxp/mcuxpressoide_11.2.1_4149/ide/plugins/com.nxp.mcuxpresso.tools.win32_11.2.0.202008311134/tools/bin/../lib/gcc/arm-none-eabi/9.2.1/../../../../arm-none-eabi/lib/thumb/v6-m/nofp\libcr_c.a(setvbuf.o)
                0x00001434                setvbuf
 .text._sbrk    0x00001480       0x44 c:/nxp/mcuxpressoide_11.2.1_4149/ide/plugins/com.nxp.mcuxpresso.tools.win32_11.2.0.202008311134/tools/bin/../lib/gcc/arm-none-eabi/9.2.1/../../../../arm-none-eabi/lib/thumb/v6-m/nofp\libcr_c.a(_cr_sbrk.o)
                0x00001480                _sbrk
 .text._fdopen  0x000014c4       0x74 c:/nxp/mcuxpressoide_11.2.1_4149/ide/plugins/com.nxp.mcuxpresso.tools.win32_11.2.0.202008311134/tools/bin/../lib/gcc/arm-none-eabi/9.2.1/../../../../arm-none-eabi/lib/thumb/v6-m/nofp\libcr_c.a(_fdopen.o)
                0x000014c4                _fdopen
 .text.fclose   0x00001538       0x5c c:/nxp/mcuxpressoide_11.2.1_4149/ide/plugins/com.nxp.mcuxpresso.tools.win32_11.2.0.202008311134/tools/bin/../lib/gcc/arm-none-eabi/9.2.1/../../../../arm-none-eabi/lib/thumb/v6-m/nofp\libcr_c.a(fclose.o)
                0x00001538                fclose
 .text.fflush   0x00001594       0x44 c:/nxp/mcuxpressoide_11.2.1_4149/ide/plugins/com.nxp.mcuxpresso.tools.win32_11.2.0.202008311134/tools/bin/../lib/gcc/arm-none-eabi/9.2.1/../../../../arm-none-eabi/lib/thumb/v6-m/nofp\libcr_c.a(fflush.o)
                0x00001594                fflush
 .text.strlen   0x000015d8       0x58 c:/nxp/mcuxpressoide_11.2.1_4149/ide/plugins/com.nxp.mcuxpresso.tools.win32_11.2.0.202008311134/tools/bin/../lib/gcc/arm-none-eabi/9.2.1/../../../../arm-none-eabi/lib/thumb/v6-m/nofp\libcr_c.a(strlen.o)
                0x000015d8                strlen
 .text.__check_heap_overflow
                0x00001630       0x14 c:/nxp/mcuxpressoide_11.2.1_4149/ide/plugins/com.nxp.mcuxpresso.tools.win32_11.2.0.202008311134/tools/bin/../lib/gcc/arm-none-eabi/9.2.1/../../../../arm-none-eabi/lib/thumb/v6-m/nofp\libcr_c.a(_cr_check_heap.o)
                0x00001630                __check_heap_overflow
 .text._do_fflush
                0x00001644       0x48 c:/nxp/mcuxpressoide_11.2.1_4149/ide/plugins/com.nxp.mcuxpresso.tools.win32_11.2.0.202008311134/tools/bin/../lib/gcc/arm-none-eabi/9.2.1/../../../../arm-none-eabi/lib/thumb/v6-m/nofp\libcr_c.a(_do_fflush.o)
                0x00001644                _do_fflush
 .text.GPIO_PinWrite
                0x0000168c       0x30 ./source/LPC804_Interrupt_LED_Toggle.o
 .text.CLOCK_GetFRGInputClkFreq
                0x000016bc       0x42 ./drivers/fsl_clock.o
 .text.GPIO_PinInit
                0x000016fe       0xb4 ./drivers/fsl_gpio.o
                0x000016fe                GPIO_PinInit
 .text.EnableIRQ
                0x000017b2       0x30 ./drivers/fsl_pint.o
 .text.PINT_PinInterruptClrFallFlag
                0x000017e2       0x22 ./drivers/fsl_pint.o
 .text.PINT_PinInterruptClrRiseFlag
                0x00001804       0x22 ./drivers/fsl_pint.o
 .text.PINT_PatternMatchResetDetectLogic
                0x00001826       0x30 ./drivers/fsl_pint.o
                0x00001826                PINT_PatternMatchResetDetectLogic
 .text.PINT_PinInterruptClrStatus
                0x00001856       0x52 ./drivers/fsl_pint.o
                0x00001856                PINT_PinInterruptClrStatus
 .text.RESET_PeripheralReset
                0x000018a8       0x20 ./drivers/fsl_reset.o
                0x000018a8                RESET_PeripheralReset
 .text.SYSCON_AttachSignal
                0x000018c8       0x32 ./drivers/fsl_syscon.o
                0x000018c8                SYSCON_AttachSignal
 .text.SystemInitHook
                0x000018fa        0xa ./device/system_LPC804.o
                0x000018fa                SystemInitHook
 .text.BOARD_InitBootClocks
                0x00001904        0xe ./board/clock_config.o
                0x00001904                BOARD_InitBootClocks
 .text.BOARD_InitPeripherals
                0x00001912        0xe ./board/peripherals.o
                0x00001912                BOARD_InitPeripherals
 .text.BOARD_InitBootPeripherals
                0x00001920        0xe ./board/peripherals.o
                0x00001920                BOARD_InitBootPeripherals
 .text.IOCON_PinMuxSet
                0x0000192e       0x26 ./board/pin_mux.o
 .text.BOARD_InitBootPins
                0x00001954       0x12 ./board/pin_mux.o
                0x00001954                BOARD_InitBootPins
 .text.__main   0x00001966        0xc c:/nxp/mcuxpressoide_11.2.1_4149/ide/plugins/com.nxp.mcuxpresso.tools.win32_11.2.0.202008311134/tools/bin/../lib/gcc/arm-none-eabi/9.2.1/../../../../arm-none-eabi/lib/thumb/v6-m/nofp\libcr_semihost_nf.a(_cr__main.o)
                0x00001966                __CR_SEMIHOST
                0x00001966                __main
 .text.memset   0x00001972        0x8 c:/nxp/mcuxpressoide_11.2.1_4149/ide/plugins/com.nxp.mcuxpresso.tools.win32_11.2.0.202008311134/tools/bin/../lib/gcc/arm-none-eabi/9.2.1/../../../../arm-none-eabi/lib/thumb/v6-m/nofp\libcr_c.a(memset.o)
                0x00001972                memset
 .text.free     0x0000197a       0x2c c:/nxp/mcuxpressoide_11.2.1_4149/ide/plugins/com.nxp.mcuxpresso.tools.win32_11.2.0.202008311134/tools/bin/../lib/gcc/arm-none-eabi/9.2.1/../../../../arm-none-eabi/lib/thumb/v6-m/nofp\libcr_c.a(alloc.o)
                0x0000197a                free
 .text.fputs    0x000019a6       0x2e c:/nxp/mcuxpressoide_11.2.1_4149/ide/plugins/com.nxp.mcuxpresso.tools.win32_11.2.0.202008311134/tools/bin/../lib/gcc/arm-none-eabi/9.2.1/../../../../arm-none-eabi/lib/thumb/v6-m/nofp\libcr_c.a(fputs.o)
                0x000019a6                fputs
 .text.remove   0x000019d4       0x12 c:/nxp/mcuxpressoide_11.2.1_4149/ide/plugins/com.nxp.mcuxpresso.tools.win32_11.2.0.202008311134/tools/bin/../lib/gcc/arm-none-eabi/9.2.1/../../../../arm-none-eabi/lib/thumb/v6-m/nofp\libcr_c.a(remove.o)
                0x000019d4                remove
 .text.__aeabi_division_idivmod
                0x000019e6       0x78 c:/nxp/mcuxpressoide_11.2.1_4149/ide/plugins/com.nxp.mcuxpresso.tools.win32_11.2.0.202008311134/tools/bin/../lib/gcc/arm-none-eabi/9.2.1/thumb/v6-m/nofp\libcr_eabihelpers.a(division_32.o)
                0x000019e6                __aeabi_idivmod
                0x000019e6                __aeabi_idiv
                0x000019ec                __aeabi_uidivmod
                0x000019ec                __aeabi_uidiv
 .text.__aeabi_division_uldivmod
                0x00001a5e       0x5a c:/nxp/mcuxpressoide_11.2.1_4149/ide/plugins/com.nxp.mcuxpresso.tools.win32_11.2.0.202008311134/tools/bin/../lib/gcc/arm-none-eabi/9.2.1/thumb/v6-m/nofp\libcr_eabihelpers.a(division_64.o)
                0x00001a5e                __aeabi_uldivmod
 .text.__aeabi_division_idiv0
                0x00001ab8        0x2 c:/nxp/mcuxpressoide_11.2.1_4149/ide/plugins/com.nxp.mcuxpresso.tools.win32_11.2.0.202008311134/tools/bin/../lib/gcc/arm-none-eabi/9.2.1/thumb/v6-m/nofp\libcr_eabihelpers.a(division_idiv0.o)
                0x00001ab8                __aeabi_idiv0
 .text.__aeabi_memset_lowlevel
                0x00001aba       0x2a c:/nxp/mcuxpressoide_11.2.1_4149/ide/plugins/com.nxp.mcuxpresso.tools.win32_11.2.0.202008311134/tools/bin/../lib/gcc/arm-none-eabi/9.2.1/thumb/v6-m/nofp\libcr_eabihelpers.a(memcpy.o)
                0x00001aba                __aeabi_lowlevel_memset
 .text.__sys_close
                0x00001ae4        0xc c:/nxp/mcuxpressoide_11.2.1_4149/ide/plugins/com.nxp.mcuxpresso.tools.win32_11.2.0.202008311134/tools/bin/../lib/gcc/arm-none-eabi/9.2.1/../../../../arm-none-eabi/lib/thumb/v6-m/nofp\libcr_semihost_nf.a(__sys_close.o)
                0x00001ae4                __sys_close
 .text.__sys_flen
                0x00001af0        0xc c:/nxp/mcuxpressoide_11.2.1_4149/ide/plugins/com.nxp.mcuxpresso.tools.win32_11.2.0.202008311134/tools/bin/../lib/gcc/arm-none-eabi/9.2.1/../../../../arm-none-eabi/lib/thumb/v6-m/nofp\libcr_semihost_nf.a(__sys_flen.o)
                0x00001af0                __sys_flen
 .text.__sys_istty
                0x00001afc        0xc c:/nxp/mcuxpressoide_11.2.1_4149/ide/plugins/com.nxp.mcuxpresso.tools.win32_11.2.0.202008311134/tools/bin/../lib/gcc/arm-none-eabi/9.2.1/../../../../arm-none-eabi/lib/thumb/v6-m/nofp\libcr_semihost_nf.a(__sys_istty.o)
                0x00001afc                __sys_istty
 .text.__sys_remove
                0x00001b08        0xc c:/nxp/mcuxpressoide_11.2.1_4149/ide/plugins/com.nxp.mcuxpresso.tools.win32_11.2.0.202008311134/tools/bin/../lib/gcc/arm-none-eabi/9.2.1/../../../../arm-none-eabi/lib/thumb/v6-m/nofp\libcr_semihost_nf.a(__sys_remove.o)
                0x00001b08                __sys_remove
 .text.__sys_seek
                0x00001b14        0xc c:/nxp/mcuxpressoide_11.2.1_4149/ide/plugins/com.nxp.mcuxpresso.tools.win32_11.2.0.202008311134/tools/bin/../lib/gcc/arm-none-eabi/9.2.1/../../../../arm-none-eabi/lib/thumb/v6-m/nofp\libcr_semihost_nf.a(__sys_seek.o)
                0x00001b14                __sys_seek
 .text.__sys_tmpnam
                0x00001b20        0xc c:/nxp/mcuxpressoide_11.2.1_4149/ide/plugins/com.nxp.mcuxpresso.tools.win32_11.2.0.202008311134/tools/bin/../lib/gcc/arm-none-eabi/9.2.1/../../../../arm-none-eabi/lib/thumb/v6-m/nofp\libcr_semihost_nf.a(__sys_tmpnam.o)
                0x00001b20                __sys_tmpnam
 .text.__sys_write
                0x00001b2c        0xc c:/nxp/mcuxpressoide_11.2.1_4149/ide/plugins/com.nxp.mcuxpresso.tools.win32_11.2.0.202008311134/tools/bin/../lib/gcc/arm-none-eabi/9.2.1/../../../../arm-none-eabi/lib/thumb/v6-m/nofp\libcr_semihost_nf.a(__sys_write.o)
                0x00001b2c                __sys_write
 *(SORT_BY_ALIGNMENT(.rodata) SORT_BY_ALIGNMENT(.rodata.*) SORT_BY_ALIGNMENT(.constdata) SORT_BY_ALIGNMENT(.constdata.*))
 .rodata.CLOCK_SetFRGClkFreq.str1.4
                0x00001b38       0x17 ./drivers/fsl_clock.o
 *fill*         0x00001b4f        0x1 ff
 .rodata.CLOCK_UpdateClkSrc.str1.4
                0x00001b50       0x17 ./drivers/fsl_clock.o
 *fill*         0x00001b67        0x1 ff
 .rodata.CLOCK_GetMainClkFreq.str1.4
                0x00001b68       0x19 ./drivers/fsl_clock.o
 *fill*         0x00001b81        0x3 ff
 .rodata.s_pintIRQ
                0x00001b84        0x8 ./drivers/fsl_pint.o
 .rodata.PINT_Init.str1.4
                0x00001b8c       0x1e ./drivers/fsl_pint.o
 *fill*         0x00001baa        0x2 ff
 .rodata.PINT_PinInterruptConfig.str1.4
                0x00001bac       0x1f ./drivers/fsl_pint.o
 *fill*         0x00001bcb        0x1 ff
 .rodata.PINT_EnableCallbackByIndex.str1.4
                0x00001bcc       0x1f ./drivers/fsl_pint.o
 *fill*         0x00001beb        0x1 ff
 .rodata.RESET_SetPeripheralReset.str1.4
                0x00001bec       0x20 ./drivers/fsl_reset.o
 .rodata.RESET_ClearPeripheralReset.str1.4
                0x00001c0c       0x20 ./drivers/fsl_reset.o
 .rodata.SWM_SetMovablePinSelect.str1.4
                0x00001c2c       0x4e ./drivers/fsl_swm.o
 *fill*         0x00001c7a        0x2 ff
 .rodata.CLOCK_SetCoreSysClkDiv.str1.4
                0x00001c7c       0x74 ./board/clock_config.o
 .rodata.__num_Ciob_streams
                0x00001cf0        0x4 c:/nxp/mcuxpressoide_11.2.1_4149/ide/plugins/com.nxp.mcuxpresso.tools.win32_11.2.0.202008311134/tools/bin/../lib/gcc/arm-none-eabi/9.2.1/../../../../arm-none-eabi/lib/thumb/v6-m/nofp\libcr_semihost_nf.a(__ciob.o)
                0x00001cf0                __num_Ciob_streams
 .rodata.__assertion_failed.str1.1
                0x00001cf4       0x15 c:/nxp/mcuxpressoide_11.2.1_4149/ide/plugins/com.nxp.mcuxpresso.tools.win32_11.2.0.202008311134/tools/bin/../lib/gcc/arm-none-eabi/9.2.1/../../../../arm-none-eabi/lib/thumb/v6-m/nofp\libcr_semihost_nf.a(_cr_assert.o)
 .rodata._Csys_alloc.str1.1
                0x00001d09       0x18 c:/nxp/mcuxpressoide_11.2.1_4149/ide/plugins/com.nxp.mcuxpresso.tools.win32_11.2.0.202008311134/tools/bin/../lib/gcc/arm-none-eabi/9.2.1/../../../../arm-none-eabi/lib/thumb/v6-m/nofp\libcr_c.a(alloc.o)
 .rodata._initio.str1.1
                0x00001d21        0x4 c:/nxp/mcuxpressoide_11.2.1_4149/ide/plugins/com.nxp.mcuxpresso.tools.win32_11.2.0.202008311134/tools/bin/../lib/gcc/arm-none-eabi/9.2.1/../../../../arm-none-eabi/lib/thumb/v6-m/nofp\libcr_c.a(initio.o)
                0x00001d28                . = ALIGN (0x4)
 *fill*         0x00001d25        0x3 ff

.glue_7         0x00001d28        0x0
 .glue_7        0x00001d28        0x0 linker stubs

.glue_7t        0x00001d28        0x0
 .glue_7t       0x00001d28        0x0 linker stubs

.vfp11_veneer   0x00001d28        0x0
 .vfp11_veneer  0x00001d28        0x0 linker stubs

.v4_bx          0x00001d28        0x0
 .v4_bx         0x00001d28        0x0 linker stubs

.iplt           0x00001d28        0x0
 .iplt          0x00001d28        0x0 ./startup/startup_lpc804.o

.rel.dyn        0x00001d28        0x0
 .rel.iplt      0x00001d28        0x0 ./startup/startup_lpc804.o

.ARM.extab
 *(SORT_BY_ALIGNMENT(.ARM.extab*) SORT_BY_ALIGNMENT(.gnu.linkonce.armextab.*))

.ARM.exidx      0x00001d28        0x0
                0x00001d28                __exidx_start = .
 *(SORT_BY_ALIGNMENT(.ARM.exidx*) SORT_BY_ALIGNMENT(.gnu.linkonce.armexidx.*))
                0x00001d28                __exidx_end = .
                0x00001d28                _etext = .

.data_RAM2      0x10000fe0        0x0 load address 0x00001d28
 FILL mask 0xff
                [!provide]                PROVIDE (__start_data_RAM2 = .)
                [!provide]                PROVIDE (__start_data_IAP_SRAM = .)
 *(SORT_BY_ALIGNMENT(.ramfunc.$RAM2))
 *(SORT_BY_ALIGNMENT(.ramfunc.$IAP_SRAM))
 *(SORT_BY_ALIGNMENT(.data.$RAM2))
 *(SORT_BY_ALIGNMENT(.data.$IAP_SRAM))
 *(SORT_BY_ALIGNMENT(.data.$RAM2.*))
 *(SORT_BY_ALIGNMENT(.data.$IAP_SRAM.*))
                0x10000fe0                . = ALIGN (0x4)
                [!provide]                PROVIDE (__end_data_RAM2 = .)
                [!provide]                PROVIDE (__end_data_IAP_SRAM = .)

.uninit_RESERVED
                0x10000000        0x0
                0x10000000                _start_uninit_RESERVED = .
 *(SORT_BY_ALIGNMENT(.bss.$RESERVED*))
                0x10000000                . = ALIGN (0x4)
                0x10000000                _end_uninit_RESERVED = .

.data           0x10000000        0xc load address 0x00001d28
 FILL mask 0xff
                0x10000000                _data = .
                [!provide]                PROVIDE (__start_data_RAM = .)
                [!provide]                PROVIDE (__start_data_SRAM = .)
 *(SORT_BY_ALIGNMENT(vtable))
 *(SORT_BY_ALIGNMENT(.ramfunc*))
 *(SORT_BY_ALIGNMENT(CodeQuickAccess))
 *(SORT_BY_ALIGNMENT(DataQuickAccess))
 *(SORT_BY_ALIGNMENT(RamFunction))
 *(SORT_BY_ALIGNMENT(.data*))
 .data.OUTPUT_CONFIG
                0x10000000        0x2 ./source/LPC804_Interrupt_LED_Toggle.o
                0x10000000                OUTPUT_CONFIG
 *fill*         0x10000002        0x2 ff
 .data.g_LP_Osc_Freq
                0x10000004        0x4 ./drivers/fsl_clock.o
                0x10000004                g_LP_Osc_Freq
 .data.SystemCoreClock
                0x10000008        0x4 ./device/system_LPC804.o
                0x10000008                SystemCoreClock
                0x1000000c                . = ALIGN (0x4)
                0x1000000c                _edata = .
                [!provide]                PROVIDE (__end_data_RAM = .)
                [!provide]                PROVIDE (__end_data_SRAM = .)

.igot.plt       0x1000000c        0x0 load address 0x00001d34
 .igot.plt      0x1000000c        0x0 ./startup/startup_lpc804.o

.bss_RAM2       0x10000fe0        0x0
                [!provide]                PROVIDE (__start_bss_RAM2 = .)
                [!provide]                PROVIDE (__start_bss_IAP_SRAM = .)
 *(SORT_BY_ALIGNMENT(.bss.$RAM2))
 *(SORT_BY_ALIGNMENT(.bss.$IAP_SRAM))
 *(SORT_BY_ALIGNMENT(.bss.$RAM2.*))
 *(SORT_BY_ALIGNMENT(.bss.$IAP_SRAM.*))
                0x10000fe0                . = ALIGN ((. != 0x0)?0x4:0x1)
                [!provide]                PROVIDE (__end_bss_RAM2 = .)
                [!provide]                PROVIDE (__end_bss_IAP_SRAM = .)

.bss            0x1000000c       0xf4
                0x1000000c                _bss = .
                [!provide]                PROVIDE (__start_bss_RAM = .)
                [!provide]                PROVIDE (__start_bss_SRAM = .)
 *(SORT_BY_ALIGNMENT(.bss*))
 .bss.g_Ext_Clk_Freq
                0x1000000c        0x4 ./drivers/fsl_clock.o
                0x1000000c                g_Ext_Clk_Freq
 .bss.g_Fro_Osc_Freq
                0x10000010        0x4 ./drivers/fsl_clock.o
                0x10000010                g_Fro_Osc_Freq
 .bss.s_pintCallback
                0x10000014       0x20 ./drivers/fsl_pint.o
 .bss.s_usartHandle
                0x10000034        0x8 ./drivers/fsl_usart.o
 .bss.s_usartIsr
                0x1000003c        0x4 ./drivers/fsl_usart.o
 .bss.__Ciob    0x10000040       0xb4 c:/nxp/mcuxpressoide_11.2.1_4149/ide/plugins/com.nxp.mcuxpresso.tools.win32_11.2.0.202008311134/tools/bin/../lib/gcc/arm-none-eabi/9.2.1/../../../../arm-none-eabi/lib/thumb/v6-m/nofp\libcr_semihost_nf.a(__ciob.o)
                0x10000040                __Ciob
 .bss.__end_of_heap
                0x100000f4        0x4 c:/nxp/mcuxpressoide_11.2.1_4149/ide/plugins/com.nxp.mcuxpresso.tools.win32_11.2.0.202008311134/tools/bin/../lib/gcc/arm-none-eabi/9.2.1/../../../../arm-none-eabi/lib/thumb/v6-m/nofp\libcr_c.a(__init_alloc.o)
                0x100000f4                __end_of_heap
 .bss.__heaps   0x100000f8        0x4 c:/nxp/mcuxpressoide_11.2.1_4149/ide/plugins/com.nxp.mcuxpresso.tools.win32_11.2.0.202008311134/tools/bin/../lib/gcc/arm-none-eabi/9.2.1/../../../../arm-none-eabi/lib/thumb/v6-m/nofp\libcr_c.a(__init_alloc.o)
                0x100000f8                __heaps
 .bss.errno     0x100000fc        0x4 c:/nxp/mcuxpressoide_11.2.1_4149/ide/plugins/com.nxp.mcuxpresso.tools.win32_11.2.0.202008311134/tools/bin/../lib/gcc/arm-none-eabi/9.2.1/../../../../arm-none-eabi/lib/thumb/v6-m/nofp\libcr_c.a(errno.o)
                0x100000fc                errno
 *(SORT_BY_ALIGNMENT(COMMON))
                0x10000100                . = ALIGN (0x4)
                0x10000100                _ebss = .
                [!provide]                PROVIDE (__end_bss_RAM = .)
                [!provide]                PROVIDE (__end_bss_SRAM = .)
                [!provide]                PROVIDE (end = .)

.noinit_RAM2    0x10000fe0        0x0
                [!provide]                PROVIDE (__start_noinit_RAM2 = .)
                [!provide]                PROVIDE (__start_noinit_IAP_SRAM = .)
 *(SORT_BY_ALIGNMENT(.noinit.$RAM2))
 *(SORT_BY_ALIGNMENT(.noinit.$IAP_SRAM))
 *(SORT_BY_ALIGNMENT(.noinit.$RAM2.*))
 *(SORT_BY_ALIGNMENT(.noinit.$IAP_SRAM.*))
                0x10000fe0                . = ALIGN (0x4)
                [!provide]                PROVIDE (__end_noinit_RAM2 = .)
                [!provide]                PROVIDE (__end_noinit_IAP_SRAM = .)

.noinit         0x10000100        0x0
                0x10000100                _noinit = .
                [!provide]                PROVIDE (__start_noinit_RAM = .)
                [!provide]                PROVIDE (__start_noinit_SRAM = .)
 *(SORT_BY_ALIGNMENT(.noinit*))
                0x10000100                . = ALIGN (0x4)
                0x10000100                _end_noinit = .
                [!provide]                PROVIDE (__end_noinit_RAM = .)
                [!provide]                PROVIDE (__end_noinit_SRAM = .)
                0x000000f8                _HeapSize = 0xf8

.heap           0x10000100       0xf8
                0x10000100                _pvHeapStart = .
                0x100001f8                . = (. + _HeapSize)
 *fill*         0x10000100       0xf8 
                0x100001f8                . = ALIGN (0x4)
                0x100001f8                _pvHeapLimit = .
                0x000000f8                _StackSize = 0xf8

.heap2stackfill
                0x100001f8       0xf8
                0x100002f0                . = (. + _StackSize)
 *fill*         0x100001f8       0xf8 

.stack          0x10000ee8        0x0
                0x10000ee8                _vStackBase = .
                0x10000ee8                . = ALIGN (0x4)
                0x10000fe0                _vStackTop = (. + _StackSize)
                0xefffea1f                PROVIDE (__valid_user_code_checksum = (0x0 - (((_vStackTop + (ResetISR + 0x1)) + (DEFINED (NMI_Handler)?NMI_Handler:M0_NMI_Handler + 0x1)) + (DEFINED (HardFault_Handler)?HardFault_Handler:M0_HardFault_Handler + 0x1))))
                0x00000000                _image_start = LOADADDR (.text)
                0x00001d34                _image_end = (LOADADDR (.data) + SIZEOF (.data))
                0x00001d34                _image_size = (_image_end - _image_start)
OUTPUT(LPC804_Interrupt_LED_Toggle.axf elf32-littlearm)

.debug_info     0x00000000     0x8e84
 .debug_info    0x00000000      0x49a ./startup/startup_lpc804.o
 .debug_info    0x0000049a      0xde5 ./source/LPC804_Interrupt_LED_Toggle.o
 .debug_info    0x0000127f       0x3c ./source/semihost_hardfault.o
 .debug_info    0x000012bb      0xefb ./drivers/fsl_clock.o
 .debug_info    0x000021b6      0xbf0 ./drivers/fsl_gpio.o
 .debug_info    0x00002da6     0x1557 ./drivers/fsl_pint.o
 .debug_info    0x000042fd      0x639 ./drivers/fsl_reset.o
 .debug_info    0x00004936      0x7c2 ./drivers/fsl_swm.o
 .debug_info    0x000050f8      0x655 ./drivers/fsl_syscon.o
 .debug_info    0x0000574d     0x1997 ./drivers/fsl_usart.o
 .debug_info    0x000070e4      0x5c9 ./device/system_LPC804.o
 .debug_info    0x000076ad      0x72c ./board/clock_config.o
 .debug_info    0x00007dd9      0x26e ./board/peripherals.o
 .debug_info    0x00008047      0xe3d ./board/pin_mux.o

.debug_abbrev   0x00000000     0x1a82
 .debug_abbrev  0x00000000      0x1af ./startup/startup_lpc804.o
 .debug_abbrev  0x000001af      0x1f9 ./source/LPC804_Interrupt_LED_Toggle.o
 .debug_abbrev  0x000003a8       0x31 ./source/semihost_hardfault.o
 .debug_abbrev  0x000003d9      0x354 ./drivers/fsl_clock.o
 .debug_abbrev  0x0000072d      0x1f7 ./drivers/fsl_gpio.o
 .debug_abbrev  0x00000924      0x2d0 ./drivers/fsl_pint.o
 .debug_abbrev  0x00000bf4      0x197 ./drivers/fsl_reset.o
 .debug_abbrev  0x00000d8b      0x1a0 ./drivers/fsl_swm.o
 .debug_abbrev  0x00000f2b      0x15c ./drivers/fsl_syscon.o
 .debug_abbrev  0x00001087      0x321 ./drivers/fsl_usart.o
 .debug_abbrev  0x000013a8      0x15f ./device/system_LPC804.o
 .debug_abbrev  0x00001507      0x1de ./board/clock_config.o
 .debug_abbrev  0x000016e5      0x117 ./board/peripherals.o
 .debug_abbrev  0x000017fc      0x286 ./board/pin_mux.o

.debug_aranges  0x00000000      0x638
 .debug_aranges
                0x00000000      0x160 ./startup/startup_lpc804.o
 .debug_aranges
                0x00000160       0x38 ./source/LPC804_Interrupt_LED_Toggle.o
 .debug_aranges
                0x00000198       0x20 ./source/semihost_hardfault.o
 .debug_aranges
                0x000001b8       0xa0 ./drivers/fsl_clock.o
 .debug_aranges
                0x00000258       0x30 ./drivers/fsl_gpio.o
 .debug_aranges
                0x00000288      0x108 ./drivers/fsl_pint.o
 .debug_aranges
                0x00000390       0x30 ./drivers/fsl_reset.o
 .debug_aranges
                0x000003c0       0x30 ./drivers/fsl_swm.o
 .debug_aranges
                0x000003f0       0x20 ./drivers/fsl_syscon.o
 .debug_aranges
                0x00000410      0x110 ./drivers/fsl_usart.o
 .debug_aranges
                0x00000520       0x30 ./device/system_LPC804.o
 .debug_aranges
                0x00000550       0x50 ./board/clock_config.o
 .debug_aranges
                0x000005a0       0x30 ./board/peripherals.o
 .debug_aranges
                0x000005d0       0x68 ./board/pin_mux.o

.debug_ranges   0x00000000      0x558
 .debug_ranges  0x00000000      0x150 ./startup/startup_lpc804.o
 .debug_ranges  0x00000150       0x28 ./source/LPC804_Interrupt_LED_Toggle.o
 .debug_ranges  0x00000178       0x10 ./source/semihost_hardfault.o
 .debug_ranges  0x00000188       0x90 ./drivers/fsl_clock.o
 .debug_ranges  0x00000218       0x20 ./drivers/fsl_gpio.o
 .debug_ranges  0x00000238       0xf8 ./drivers/fsl_pint.o
 .debug_ranges  0x00000330       0x20 ./drivers/fsl_reset.o
 .debug_ranges  0x00000350       0x20 ./drivers/fsl_swm.o
 .debug_ranges  0x00000370       0x10 ./drivers/fsl_syscon.o
 .debug_ranges  0x00000380      0x100 ./drivers/fsl_usart.o
 .debug_ranges  0x00000480       0x20 ./device/system_LPC804.o
 .debug_ranges  0x000004a0       0x40 ./board/clock_config.o
 .debug_ranges  0x000004e0       0x20 ./board/peripherals.o
 .debug_ranges  0x00000500       0x58 ./board/pin_mux.o

.debug_macro    0x00000000     0x1460
 .debug_macro   0x00000000       0x32 ./startup/startup_lpc804.o
 .debug_macro   0x00000032       0x34 ./startup/startup_lpc804.o
 .debug_macro   0x00000066      0x1b5 ./source/LPC804_Interrupt_LED_Toggle.o
 .debug_macro   0x0000021b       0xd8 ./source/LPC804_Interrupt_LED_Toggle.o
 .debug_macro   0x000002f3       0x22 ./source/LPC804_Interrupt_LED_Toggle.o
 .debug_macro   0x00000315       0x22 ./source/LPC804_Interrupt_LED_Toggle.o
 .debug_macro   0x00000337       0x10 ./source/LPC804_Interrupt_LED_Toggle.o
 .debug_macro   0x00000347      0x11e ./source/LPC804_Interrupt_LED_Toggle.o
 .debug_macro   0x00000465       0x76 ./source/LPC804_Interrupt_LED_Toggle.o
 .debug_macro   0x000004db       0x16 ./source/LPC804_Interrupt_LED_Toggle.o
 .debug_macro   0x000004f1      0x1f3 ./source/LPC804_Interrupt_LED_Toggle.o
 .debug_macro   0x000006e4       0x46 ./source/LPC804_Interrupt_LED_Toggle.o
 .debug_macro   0x0000072a       0x1c ./source/LPC804_Interrupt_LED_Toggle.o
 .debug_macro   0x00000746       0x11 ./source/semihost_hardfault.o
 .debug_macro   0x00000757      0x10f ./drivers/fsl_clock.o
 .debug_macro   0x00000866       0x1c ./drivers/fsl_clock.o
 .debug_macro   0x00000882       0x28 ./drivers/fsl_clock.o
 .debug_macro   0x000008aa      0x11c ./drivers/fsl_gpio.o
 .debug_macro   0x000009c6      0x11b ./drivers/fsl_pint.o
 .debug_macro   0x00000ae1       0x70 ./drivers/fsl_pint.o
 .debug_macro   0x00000b51      0x10c ./drivers/fsl_reset.o
 .debug_macro   0x00000c5d      0x126 ./drivers/fsl_swm.o
 .debug_macro   0x00000d83      0x125 ./drivers/fsl_syscon.o
 .debug_macro   0x00000ea8       0x16 ./drivers/fsl_syscon.o
 .debug_macro   0x00000ebe      0x11b ./drivers/fsl_usart.o
 .debug_macro   0x00000fd9       0x1c ./drivers/fsl_usart.o
 .debug_macro   0x00000ff5       0x97 ./device/system_LPC804.o
 .debug_macro   0x0000108c      0x12c ./board/clock_config.o
 .debug_macro   0x000011b8      0x127 ./board/peripherals.o
 .debug_macro   0x000012df      0x13b ./board/pin_mux.o
 .debug_macro   0x0000141a       0x46 ./board/pin_mux.o

.debug_line     0x00000000     0x448a
 .debug_line    0x00000000      0x269 ./startup/startup_lpc804.o
 .debug_line    0x00000269      0x531 ./source/LPC804_Interrupt_LED_Toggle.o
 .debug_line    0x0000079a       0x59 ./source/semihost_hardfault.o
 .debug_line    0x000007f3      0x66b ./drivers/fsl_clock.o
 .debug_line    0x00000e5e      0x3a0 ./drivers/fsl_gpio.o
 .debug_line    0x000011fe      0xaa3 ./drivers/fsl_pint.o
 .debug_line    0x00001ca1      0x389 ./drivers/fsl_reset.o
 .debug_line    0x0000202a      0x412 ./drivers/fsl_swm.o
 .debug_line    0x0000243c      0x359 ./drivers/fsl_syscon.o
 .debug_line    0x00002795      0xc5f ./drivers/fsl_usart.o
 .debug_line    0x000033f4      0x2cf ./device/system_LPC804.o
 .debug_line    0x000036c3      0x47d ./board/clock_config.o
 .debug_line    0x00003b40      0x3d1 ./board/peripherals.o
 .debug_line    0x00003f11      0x579 ./board/pin_mux.o

.debug_str      0x00000000    0x2f3b0
 .debug_str     0x00000000     0x32cd ./startup/startup_lpc804.o
                               0x3310 (size before relaxing)
 .debug_str     0x000032cd    0x28941 ./source/LPC804_Interrupt_LED_Toggle.o
                              0x2b83a (size before relaxing)
 .debug_str     0x0002bc0e       0x1f ./source/semihost_hardfault.o
                               0x2e10 (size before relaxing)
 .debug_str     0x0002bc2d      0x5db ./drivers/fsl_clock.o
                              0x299e1 (size before relaxing)
 .debug_str     0x0002c208      0x3b5 ./drivers/fsl_gpio.o
                              0x298b9 (size before relaxing)
 .debug_str     0x0002c5bd      0x98f ./drivers/fsl_pint.o
                              0x2a5c3 (size before relaxing)
 .debug_str     0x0002cf4c       0xae ./drivers/fsl_reset.o
                              0x28e80 (size before relaxing)
 .debug_str     0x0002cffa      0xdbc ./drivers/fsl_swm.o
                              0x29883 (size before relaxing)
 .debug_str     0x0002ddb6       0x51 ./drivers/fsl_syscon.o
                              0x290c3 (size before relaxing)
 .debug_str     0x0002de07      0xcdf ./drivers/fsl_usart.o
                              0x2a7aa (size before relaxing)
 .debug_str     0x0002eae6       0x6f ./device/system_LPC804.o
                              0x279f4 (size before relaxing)
 .debug_str     0x0002eb55      0x49e ./board/clock_config.o
                              0x29219 (size before relaxing)
 .debug_str     0x0002eff3       0x51 ./board/peripherals.o
                              0x28eec (size before relaxing)
 .debug_str     0x0002f044      0x36c ./board/pin_mux.o
                              0x2a2d1 (size before relaxing)

.comment        0x00000000       0x79
 .comment       0x00000000       0x79 ./startup/startup_lpc804.o
                                 0x7a (size before relaxing)
 .comment       0x00000079       0x7a ./source/LPC804_Interrupt_LED_Toggle.o
 .comment       0x00000079       0x7a ./source/semihost_hardfault.o
 .comment       0x00000079       0x7a ./drivers/fsl_clock.o
 .comment       0x00000079       0x7a ./drivers/fsl_gpio.o
 .comment       0x00000079       0x7a ./drivers/fsl_pint.o
 .comment       0x00000079       0x7a ./drivers/fsl_reset.o
 .comment       0x00000079       0x7a ./drivers/fsl_swm.o
 .comment       0x00000079       0x7a ./drivers/fsl_syscon.o
 .comment       0x00000079       0x7a ./drivers/fsl_usart.o
 .comment       0x00000079       0x7a ./device/system_LPC804.o
 .comment       0x00000079       0x7a ./board/clock_config.o
 .comment       0x00000079       0x7a ./board/peripherals.o
 .comment       0x00000079       0x7a ./board/pin_mux.o
 .comment       0x00000079       0x7a c:/nxp/mcuxpressoide_11.2.1_4149/ide/plugins/com.nxp.mcuxpresso.tools.win32_11.2.0.202008311134/tools/bin/../lib/gcc/arm-none-eabi/9.2.1/../../../../arm-none-eabi/lib/thumb/v6-m/nofp\libcr_semihost_nf.a(_cr__main.o)
 .comment       0x00000079       0x7a c:/nxp/mcuxpressoide_11.2.1_4149/ide/plugins/com.nxp.mcuxpresso.tools.win32_11.2.0.202008311134/tools/bin/../lib/gcc/arm-none-eabi/9.2.1/../../../../arm-none-eabi/lib/thumb/v6-m/nofp\libcr_semihost_nf.a(_cr_assert.o)
 .comment       0x00000079       0x7a c:/nxp/mcuxpressoide_11.2.1_4149/ide/plugins/com.nxp.mcuxpresso.tools.win32_11.2.0.202008311134/tools/bin/../lib/gcc/arm-none-eabi/9.2.1/../../../../arm-none-eabi/lib/thumb/v6-m/nofp\libcr_semihost_nf.a(__ciob.o)
 .comment       0x00000079       0x7a c:/nxp/mcuxpressoide_11.2.1_4149/ide/plugins/com.nxp.mcuxpresso.tools.win32_11.2.0.202008311134/tools/bin/../lib/gcc/arm-none-eabi/9.2.1/../../../../arm-none-eabi/lib/thumb/v6-m/nofp\libcr_c.a(memset.o)
 .comment       0x00000079       0x7a c:/nxp/mcuxpressoide_11.2.1_4149/ide/plugins/com.nxp.mcuxpresso.tools.win32_11.2.0.202008311134/tools/bin/../lib/gcc/arm-none-eabi/9.2.1/../../../../arm-none-eabi/lib/thumb/v6-m/nofp\libcr_c.a(_deferredlazyseek.o)
 .comment       0x00000079       0x7a c:/nxp/mcuxpressoide_11.2.1_4149/ide/plugins/com.nxp.mcuxpresso.tools.win32_11.2.0.202008311134/tools/bin/../lib/gcc/arm-none-eabi/9.2.1/../../../../arm-none-eabi/lib/thumb/v6-m/nofp\libcr_c.a(_fflush.o)
 .comment       0x00000079       0x7a c:/nxp/mcuxpressoide_11.2.1_4149/ide/plugins/com.nxp.mcuxpresso.tools.win32_11.2.0.202008311134/tools/bin/../lib/gcc/arm-none-eabi/9.2.1/../../../../arm-none-eabi/lib/thumb/v6-m/nofp\libcr_c.a(_writebuf.o)
 .comment       0x00000079       0x7a c:/nxp/mcuxpressoide_11.2.1_4149/ide/plugins/com.nxp.mcuxpresso.tools.win32_11.2.0.202008311134/tools/bin/../lib/gcc/arm-none-eabi/9.2.1/../../../../arm-none-eabi/lib/thumb/v6-m/nofp\libcr_c.a(alloc.o)
 .comment       0x00000079       0x7a c:/nxp/mcuxpressoide_11.2.1_4149/ide/plugins/com.nxp.mcuxpresso.tools.win32_11.2.0.202008311134/tools/bin/../lib/gcc/arm-none-eabi/9.2.1/../../../../arm-none-eabi/lib/thumb/v6-m/nofp\libcr_c.a(fputs.o)
 .comment       0x00000079       0x7a c:/nxp/mcuxpressoide_11.2.1_4149/ide/plugins/com.nxp.mcuxpresso.tools.win32_11.2.0.202008311134/tools/bin/../lib/gcc/arm-none-eabi/9.2.1/../../../../arm-none-eabi/lib/thumb/v6-m/nofp\libcr_c.a(fseek.o)
 .comment       0x00000079       0x7a c:/nxp/mcuxpressoide_11.2.1_4149/ide/plugins/com.nxp.mcuxpresso.tools.win32_11.2.0.202008311134/tools/bin/../lib/gcc/arm-none-eabi/9.2.1/../../../../arm-none-eabi/lib/thumb/v6-m/nofp\libcr_c.a(ftell.o)
 .comment       0x00000079       0x7a c:/nxp/mcuxpressoide_11.2.1_4149/ide/plugins/com.nxp.mcuxpresso.tools.win32_11.2.0.202008311134/tools/bin/../lib/gcc/arm-none-eabi/9.2.1/../../../../arm-none-eabi/lib/thumb/v6-m/nofp\libcr_c.a(initio.o)
 .comment       0x00000079       0x7a c:/nxp/mcuxpressoide_11.2.1_4149/ide/plugins/com.nxp.mcuxpresso.tools.win32_11.2.0.202008311134/tools/bin/../lib/gcc/arm-none-eabi/9.2.1/../../../../arm-none-eabi/lib/thumb/v6-m/nofp\libcr_c.a(setvbuf.o)
 .comment       0x00000079       0x7a c:/nxp/mcuxpressoide_11.2.1_4149/ide/plugins/com.nxp.mcuxpresso.tools.win32_11.2.0.202008311134/tools/bin/../lib/gcc/arm-none-eabi/9.2.1/../../../../arm-none-eabi/lib/thumb/v6-m/nofp\libcr_c.a(__init_alloc.o)
 .comment       0x00000079       0x7a c:/nxp/mcuxpressoide_11.2.1_4149/ide/plugins/com.nxp.mcuxpresso.tools.win32_11.2.0.202008311134/tools/bin/../lib/gcc/arm-none-eabi/9.2.1/../../../../arm-none-eabi/lib/thumb/v6-m/nofp\libcr_c.a(_cr_sbrk.o)
 .comment       0x00000079       0x7a c:/nxp/mcuxpressoide_11.2.1_4149/ide/plugins/com.nxp.mcuxpresso.tools.win32_11.2.0.202008311134/tools/bin/../lib/gcc/arm-none-eabi/9.2.1/../../../../arm-none-eabi/lib/thumb/v6-m/nofp\libcr_c.a(_fdopen.o)
 .comment       0x00000079       0x7a c:/nxp/mcuxpressoide_11.2.1_4149/ide/plugins/com.nxp.mcuxpresso.tools.win32_11.2.0.202008311134/tools/bin/../lib/gcc/arm-none-eabi/9.2.1/../../../../arm-none-eabi/lib/thumb/v6-m/nofp\libcr_c.a(errno.o)
 .comment       0x00000079       0x7a c:/nxp/mcuxpressoide_11.2.1_4149/ide/plugins/com.nxp.mcuxpresso.tools.win32_11.2.0.202008311134/tools/bin/../lib/gcc/arm-none-eabi/9.2.1/../../../../arm-none-eabi/lib/thumb/v6-m/nofp\libcr_c.a(fclose.o)
 .comment       0x00000079       0x7a c:/nxp/mcuxpressoide_11.2.1_4149/ide/plugins/com.nxp.mcuxpresso.tools.win32_11.2.0.202008311134/tools/bin/../lib/gcc/arm-none-eabi/9.2.1/../../../../arm-none-eabi/lib/thumb/v6-m/nofp\libcr_c.a(fflush.o)
 .comment       0x00000079       0x7a c:/nxp/mcuxpressoide_11.2.1_4149/ide/plugins/com.nxp.mcuxpresso.tools.win32_11.2.0.202008311134/tools/bin/../lib/gcc/arm-none-eabi/9.2.1/../../../../arm-none-eabi/lib/thumb/v6-m/nofp\libcr_c.a(remove.o)
 .comment       0x00000079       0x7a c:/nxp/mcuxpressoide_11.2.1_4149/ide/plugins/com.nxp.mcuxpresso.tools.win32_11.2.0.202008311134/tools/bin/../lib/gcc/arm-none-eabi/9.2.1/../../../../arm-none-eabi/lib/thumb/v6-m/nofp\libcr_c.a(strlen.o)
 .comment       0x00000079       0x7a c:/nxp/mcuxpressoide_11.2.1_4149/ide/plugins/com.nxp.mcuxpresso.tools.win32_11.2.0.202008311134/tools/bin/../lib/gcc/arm-none-eabi/9.2.1/../../../../arm-none-eabi/lib/thumb/v6-m/nofp\libcr_c.a(_cr_check_heap.o)
 .comment       0x00000079       0x7a c:/nxp/mcuxpressoide_11.2.1_4149/ide/plugins/com.nxp.mcuxpresso.tools.win32_11.2.0.202008311134/tools/bin/../lib/gcc/arm-none-eabi/9.2.1/../../../../arm-none-eabi/lib/thumb/v6-m/nofp\libcr_c.a(_do_fflush.o)

.ARM.attributes
                0x00000000       0x2a
 .ARM.attributes
                0x00000000       0x2c ./startup/startup_lpc804.o
 .ARM.attributes
                0x0000002c       0x2c ./source/LPC804_Interrupt_LED_Toggle.o
 .ARM.attributes
                0x00000058       0x2c ./source/semihost_hardfault.o
 .ARM.attributes
                0x00000084       0x2c ./drivers/fsl_clock.o
 .ARM.attributes
                0x000000b0       0x2c ./drivers/fsl_gpio.o
 .ARM.attributes
                0x000000dc       0x2c ./drivers/fsl_pint.o
 .ARM.attributes
                0x00000108       0x2c ./drivers/fsl_reset.o
 .ARM.attributes
                0x00000134       0x2c ./drivers/fsl_swm.o
 .ARM.attributes
                0x00000160       0x2c ./drivers/fsl_syscon.o
 .ARM.attributes
                0x0000018c       0x2c ./drivers/fsl_usart.o
 .ARM.attributes
                0x000001b8       0x2c ./device/system_LPC804.o
 .ARM.attributes
                0x000001e4       0x2c ./board/clock_config.o
 .ARM.attributes
                0x00000210       0x2c ./board/peripherals.o
 .ARM.attributes
                0x0000023c       0x2c ./board/pin_mux.o
 .ARM.attributes
                0x00000268       0x2c c:/nxp/mcuxpressoide_11.2.1_4149/ide/plugins/com.nxp.mcuxpresso.tools.win32_11.2.0.202008311134/tools/bin/../lib/gcc/arm-none-eabi/9.2.1/../../../../arm-none-eabi/lib/thumb/v6-m/nofp\libcr_semihost_nf.a(_cr__main.o)
 .ARM.attributes
                0x00000294       0x2c c:/nxp/mcuxpressoide_11.2.1_4149/ide/plugins/com.nxp.mcuxpresso.tools.win32_11.2.0.202008311134/tools/bin/../lib/gcc/arm-none-eabi/9.2.1/../../../../arm-none-eabi/lib/thumb/v6-m/nofp\libcr_semihost_nf.a(_cr_assert.o)
 .ARM.attributes
                0x000002c0       0x31 c:/nxp/mcuxpressoide_11.2.1_4149/ide/plugins/com.nxp.mcuxpresso.tools.win32_11.2.0.202008311134/tools/bin/../lib/gcc/arm-none-eabi/9.2.1/../../../../arm-none-eabi/lib/thumb/v6-m/nofp\libcr_semihost_nf.a(__ciob.o)
 .ARM.attributes
                0x000002f1       0x1c c:/nxp/mcuxpressoide_11.2.1_4149/ide/plugins/com.nxp.mcuxpresso.tools.win32_11.2.0.202008311134/tools/bin/../lib/gcc/arm-none-eabi/9.2.1/../../../../arm-none-eabi/lib/thumb/v6-m/nofp\libcr_semihost_nf.a(__sys_appexit.o)
 .ARM.attributes
                0x0000030d       0x2c c:/nxp/mcuxpressoide_11.2.1_4149/ide/plugins/com.nxp.mcuxpresso.tools.win32_11.2.0.202008311134/tools/bin/../lib/gcc/arm-none-eabi/9.2.1/../../../../arm-none-eabi/lib/thumb/v6-m/nofp\libcr_c.a(memset.o)
 .ARM.attributes
                0x00000339       0x2c c:/nxp/mcuxpressoide_11.2.1_4149/ide/plugins/com.nxp.mcuxpresso.tools.win32_11.2.0.202008311134/tools/bin/../lib/gcc/arm-none-eabi/9.2.1/../../../../arm-none-eabi/lib/thumb/v6-m/nofp\libcr_c.a(_deferredlazyseek.o)
 .ARM.attributes
                0x00000365       0x2c c:/nxp/mcuxpressoide_11.2.1_4149/ide/plugins/com.nxp.mcuxpresso.tools.win32_11.2.0.202008311134/tools/bin/../lib/gcc/arm-none-eabi/9.2.1/../../../../arm-none-eabi/lib/thumb/v6-m/nofp\libcr_c.a(_fflush.o)
 .ARM.attributes
                0x00000391       0x2c c:/nxp/mcuxpressoide_11.2.1_4149/ide/plugins/com.nxp.mcuxpresso.tools.win32_11.2.0.202008311134/tools/bin/../lib/gcc/arm-none-eabi/9.2.1/../../../../arm-none-eabi/lib/thumb/v6-m/nofp\libcr_c.a(_writebuf.o)
 .ARM.attributes
                0x000003bd       0x2c c:/nxp/mcuxpressoide_11.2.1_4149/ide/plugins/com.nxp.mcuxpresso.tools.win32_11.2.0.202008311134/tools/bin/../lib/gcc/arm-none-eabi/9.2.1/../../../../arm-none-eabi/lib/thumb/v6-m/nofp\libcr_c.a(alloc.o)
 .ARM.attributes
                0x000003e9       0x2c c:/nxp/mcuxpressoide_11.2.1_4149/ide/plugins/com.nxp.mcuxpresso.tools.win32_11.2.0.202008311134/tools/bin/../lib/gcc/arm-none-eabi/9.2.1/../../../../arm-none-eabi/lib/thumb/v6-m/nofp\libcr_c.a(fputs.o)
 .ARM.attributes
                0x00000415       0x2c c:/nxp/mcuxpressoide_11.2.1_4149/ide/plugins/com.nxp.mcuxpresso.tools.win32_11.2.0.202008311134/tools/bin/../lib/gcc/arm-none-eabi/9.2.1/../../../../arm-none-eabi/lib/thumb/v6-m/nofp\libcr_c.a(fseek.o)
 .ARM.attributes
                0x00000441       0x2c c:/nxp/mcuxpressoide_11.2.1_4149/ide/plugins/com.nxp.mcuxpresso.tools.win32_11.2.0.202008311134/tools/bin/../lib/gcc/arm-none-eabi/9.2.1/../../../../arm-none-eabi/lib/thumb/v6-m/nofp\libcr_c.a(ftell.o)
 .ARM.attributes
                0x0000046d       0x2c c:/nxp/mcuxpressoide_11.2.1_4149/ide/plugins/com.nxp.mcuxpresso.tools.win32_11.2.0.202008311134/tools/bin/../lib/gcc/arm-none-eabi/9.2.1/../../../../arm-none-eabi/lib/thumb/v6-m/nofp\libcr_c.a(initio.o)
 .ARM.attributes
                0x00000499       0x2c c:/nxp/mcuxpressoide_11.2.1_4149/ide/plugins/com.nxp.mcuxpresso.tools.win32_11.2.0.202008311134/tools/bin/../lib/gcc/arm-none-eabi/9.2.1/../../../../arm-none-eabi/lib/thumb/v6-m/nofp\libcr_c.a(setvbuf.o)
 .ARM.attributes
                0x000004c5       0x2c c:/nxp/mcuxpressoide_11.2.1_4149/ide/plugins/com.nxp.mcuxpresso.tools.win32_11.2.0.202008311134/tools/bin/../lib/gcc/arm-none-eabi/9.2.1/../../../../arm-none-eabi/lib/thumb/v6-m/nofp\libcr_c.a(__init_alloc.o)
 .ARM.attributes
                0x000004f1       0x2c c:/nxp/mcuxpressoide_11.2.1_4149/ide/plugins/com.nxp.mcuxpresso.tools.win32_11.2.0.202008311134/tools/bin/../lib/gcc/arm-none-eabi/9.2.1/../../../../arm-none-eabi/lib/thumb/v6-m/nofp\libcr_c.a(_cr_sbrk.o)
 .ARM.attributes
                0x0000051d       0x2c c:/nxp/mcuxpressoide_11.2.1_4149/ide/plugins/com.nxp.mcuxpresso.tools.win32_11.2.0.202008311134/tools/bin/../lib/gcc/arm-none-eabi/9.2.1/../../../../arm-none-eabi/lib/thumb/v6-m/nofp\libcr_c.a(_fdopen.o)
 .ARM.attributes
                0x00000549       0x31 c:/nxp/mcuxpressoide_11.2.1_4149/ide/plugins/com.nxp.mcuxpresso.tools.win32_11.2.0.202008311134/tools/bin/../lib/gcc/arm-none-eabi/9.2.1/../../../../arm-none-eabi/lib/thumb/v6-m/nofp\libcr_c.a(errno.o)
 .ARM.attributes
                0x0000057a       0x2c c:/nxp/mcuxpressoide_11.2.1_4149/ide/plugins/com.nxp.mcuxpresso.tools.win32_11.2.0.202008311134/tools/bin/../lib/gcc/arm-none-eabi/9.2.1/../../../../arm-none-eabi/lib/thumb/v6-m/nofp\libcr_c.a(fclose.o)
 .ARM.attributes
                0x000005a6       0x2c c:/nxp/mcuxpressoide_11.2.1_4149/ide/plugins/com.nxp.mcuxpresso.tools.win32_11.2.0.202008311134/tools/bin/../lib/gcc/arm-none-eabi/9.2.1/../../../../arm-none-eabi/lib/thumb/v6-m/nofp\libcr_c.a(fflush.o)
 .ARM.attributes
                0x000005d2       0x2c c:/nxp/mcuxpressoide_11.2.1_4149/ide/plugins/com.nxp.mcuxpresso.tools.win32_11.2.0.202008311134/tools/bin/../lib/gcc/arm-none-eabi/9.2.1/../../../../arm-none-eabi/lib/thumb/v6-m/nofp\libcr_c.a(remove.o)
 .ARM.attributes
                0x000005fe       0x2c c:/nxp/mcuxpressoide_11.2.1_4149/ide/plugins/com.nxp.mcuxpresso.tools.win32_11.2.0.202008311134/tools/bin/../lib/gcc/arm-none-eabi/9.2.1/../../../../arm-none-eabi/lib/thumb/v6-m/nofp\libcr_c.a(strlen.o)
 .ARM.attributes
                0x0000062a       0x2c c:/nxp/mcuxpressoide_11.2.1_4149/ide/plugins/com.nxp.mcuxpresso.tools.win32_11.2.0.202008311134/tools/bin/../lib/gcc/arm-none-eabi/9.2.1/../../../../arm-none-eabi/lib/thumb/v6-m/nofp\libcr_c.a(_cr_check_heap.o)
 .ARM.attributes
                0x00000656       0x2c c:/nxp/mcuxpressoide_11.2.1_4149/ide/plugins/com.nxp.mcuxpresso.tools.win32_11.2.0.202008311134/tools/bin/../lib/gcc/arm-none-eabi/9.2.1/../../../../arm-none-eabi/lib/thumb/v6-m/nofp\libcr_c.a(_do_fflush.o)
 .ARM.attributes
                0x00000682       0x1c c:/nxp/mcuxpressoide_11.2.1_4149/ide/plugins/com.nxp.mcuxpresso.tools.win32_11.2.0.202008311134/tools/bin/../lib/gcc/arm-none-eabi/9.2.1/thumb/v6-m/nofp\libcr_eabihelpers.a(division_32.o)
 .ARM.attributes
                0x0000069e       0x1c c:/nxp/mcuxpressoide_11.2.1_4149/ide/plugins/com.nxp.mcuxpresso.tools.win32_11.2.0.202008311134/tools/bin/../lib/gcc/arm-none-eabi/9.2.1/thumb/v6-m/nofp\libcr_eabihelpers.a(division_64.o)
 .ARM.attributes
                0x000006ba       0x1c c:/nxp/mcuxpressoide_11.2.1_4149/ide/plugins/com.nxp.mcuxpresso.tools.win32_11.2.0.202008311134/tools/bin/../lib/gcc/arm-none-eabi/9.2.1/thumb/v6-m/nofp\libcr_eabihelpers.a(division_idiv0.o)
 .ARM.attributes
                0x000006d6       0x1c c:/nxp/mcuxpressoide_11.2.1_4149/ide/plugins/com.nxp.mcuxpresso.tools.win32_11.2.0.202008311134/tools/bin/../lib/gcc/arm-none-eabi/9.2.1/thumb/v6-m/nofp\libcr_eabihelpers.a(memcpy.o)
 .ARM.attributes
                0x000006f2       0x1c c:/nxp/mcuxpressoide_11.2.1_4149/ide/plugins/com.nxp.mcuxpresso.tools.win32_11.2.0.202008311134/tools/bin/../lib/gcc/arm-none-eabi/9.2.1/../../../../arm-none-eabi/lib/thumb/v6-m/nofp\libcr_semihost_nf.a(__sys_close.o)
 .ARM.attributes
                0x0000070e       0x1c c:/nxp/mcuxpressoide_11.2.1_4149/ide/plugins/com.nxp.mcuxpresso.tools.win32_11.2.0.202008311134/tools/bin/../lib/gcc/arm-none-eabi/9.2.1/../../../../arm-none-eabi/lib/thumb/v6-m/nofp\libcr_semihost_nf.a(__sys_flen.o)
 .ARM.attributes
                0x0000072a       0x1c c:/nxp/mcuxpressoide_11.2.1_4149/ide/plugins/com.nxp.mcuxpresso.tools.win32_11.2.0.202008311134/tools/bin/../lib/gcc/arm-none-eabi/9.2.1/../../../../arm-none-eabi/lib/thumb/v6-m/nofp\libcr_semihost_nf.a(__sys_istty.o)
 .ARM.attributes
                0x00000746       0x1c c:/nxp/mcuxpressoide_11.2.1_4149/ide/plugins/com.nxp.mcuxpresso.tools.win32_11.2.0.202008311134/tools/bin/../lib/gcc/arm-none-eabi/9.2.1/../../../../arm-none-eabi/lib/thumb/v6-m/nofp\libcr_semihost_nf.a(__sys_remove.o)
 .ARM.attributes
                0x00000762       0x1c c:/nxp/mcuxpressoide_11.2.1_4149/ide/plugins/com.nxp.mcuxpresso.tools.win32_11.2.0.202008311134/tools/bin/../lib/gcc/arm-none-eabi/9.2.1/../../../../arm-none-eabi/lib/thumb/v6-m/nofp\libcr_semihost_nf.a(__sys_seek.o)
 .ARM.attributes
                0x0000077e       0x1c c:/nxp/mcuxpressoide_11.2.1_4149/ide/plugins/com.nxp.mcuxpresso.tools.win32_11.2.0.202008311134/tools/bin/../lib/gcc/arm-none-eabi/9.2.1/../../../../arm-none-eabi/lib/thumb/v6-m/nofp\libcr_semihost_nf.a(__sys_tmpnam.o)
 .ARM.attributes
                0x0000079a       0x1c c:/nxp/mcuxpressoide_11.2.1_4149/ide/plugins/com.nxp.mcuxpresso.tools.win32_11.2.0.202008311134/tools/bin/../lib/gcc/arm-none-eabi/9.2.1/../../../../arm-none-eabi/lib/thumb/v6-m/nofp\libcr_semihost_nf.a(__sys_write.o)

.debug_frame    0x00000000     0x12ac
 .debug_frame   0x00000000      0x3b0 ./startup/startup_lpc804.o
 .debug_frame   0x000003b0       0x88 ./source/LPC804_Interrupt_LED_Toggle.o
 .debug_frame   0x00000438       0x20 ./source/semihost_hardfault.o
 .debug_frame   0x00000458      0x228 ./drivers/fsl_clock.o
 .debug_frame   0x00000680       0x70 ./drivers/fsl_gpio.o
 .debug_frame   0x000006f0      0x3d0 ./drivers/fsl_pint.o
 .debug_frame   0x00000ac0       0x70 ./drivers/fsl_reset.o
 .debug_frame   0x00000b30       0x70 ./drivers/fsl_swm.o
 .debug_frame   0x00000ba0       0x30 ./drivers/fsl_syscon.o
 .debug_frame   0x00000bd0      0x3e8 ./drivers/fsl_usart.o
 .debug_frame   0x00000fb8       0x64 ./device/system_LPC804.o
 .debug_frame   0x0000101c       0xe0 ./board/clock_config.o
 .debug_frame   0x000010fc       0x64 ./board/peripherals.o
 .debug_frame   0x00001160      0x14c ./board/pin_mux.o

Cross Reference Table

Symbol                                            File
ADC_OVR_DriverIRQHandler                          ./startup/startup_lpc804.o
ADC_OVR_IRQHandler                                ./startup/startup_lpc804.o
ADC_SEQA_DriverIRQHandler                         ./startup/startup_lpc804.o
ADC_SEQA_IRQHandler                               ./startup/startup_lpc804.o
ADC_SEQB_DriverIRQHandler                         ./startup/startup_lpc804.o
ADC_SEQB_IRQHandler                               ./startup/startup_lpc804.o
ADC_THCMP_DriverIRQHandler                        ./startup/startup_lpc804.o
ADC_THCMP_IRQHandler                              ./startup/startup_lpc804.o
BOARD_BootClockFRO18M                             ./board/clock_config.o
BOARD_BootClockFRO24M                             ./board/clock_config.o
BOARD_BootClockFRO30M                             ./board/clock_config.o
BOARD_InitBUTTONsPins                             ./board/pin_mux.o
BOARD_InitBootClocks                              ./board/clock_config.o
                                                  ./source/LPC804_Interrupt_LED_Toggle.o
BOARD_InitBootPeripherals                         ./board/peripherals.o
                                                  ./source/LPC804_Interrupt_LED_Toggle.o
BOARD_InitBootPins                                ./board/pin_mux.o
                                                  ./source/LPC804_Interrupt_LED_Toggle.o
BOARD_InitDEBUG_UARTPins                          ./board/pin_mux.o
BOARD_InitDebugConsole                            ./board/board.o
BOARD_InitI2CPins                                 ./board/pin_mux.o
BOARD_InitLEDsPins                                ./board/pin_mux.o
BOARD_InitPeripherals                             ./board/peripherals.o
BOARD_InitPins                                    ./board/pin_mux.o
BOARD_InitSWD_DEBUGPins                           ./board/pin_mux.o
BOD_DriverIRQHandler                              ./startup/startup_lpc804.o
BOD_IRQHandler                                    ./startup/startup_lpc804.o
CLOCK_GetClockOutClkFreq                          ./drivers/fsl_clock.o
CLOCK_GetFRG0ClkFreq                              ./drivers/fsl_clock.o
CLOCK_GetFreq                                     ./drivers/fsl_clock.o
CLOCK_GetFroFreq                                  ./drivers/fsl_clock.o
CLOCK_GetMainClkFreq                              ./drivers/fsl_clock.o
CLOCK_GetUart0ClkFreq                             ./drivers/fsl_clock.o
CLOCK_GetUart1ClkFreq                             ./drivers/fsl_clock.o
CLOCK_InitExtClkin                                ./drivers/fsl_clock.o
CLOCK_SetFRG0ClkFreq                              ./drivers/fsl_clock.o
                                                  ./board/clock_config.o
CLOCK_SetFroOscFreq                               ./drivers/fsl_clock.o
                                                  ./board/clock_config.o
CLOCK_SetMainClkSrc                               ./drivers/fsl_clock.o
                                                  ./board/clock_config.o
CMP_CAPT_DriverIRQHandler                         ./startup/startup_lpc804.o
CMP_CAPT_IRQHandler                               ./startup/startup_lpc804.o
CRP_WORD                                          ./startup/startup_lpc804.o
CTIMER0_DriverIRQHandler                          ./startup/startup_lpc804.o
CTIMER0_IRQHandler                                ./startup/startup_lpc804.o
DAC0_DriverIRQHandler                             ./startup/startup_lpc804.o
DAC0_IRQHandler                                   ./startup/startup_lpc804.o
DbgConsole_Deinit                                 ./utilities/fsl_debug_console.o
DbgConsole_Init                                   ./utilities/fsl_debug_console.o
DisableDeepSleepIRQ                               ./drivers/fsl_power.o
EnableDeepSleepIRQ                                ./drivers/fsl_power.o
ExtClockIn                                        ./board/board.o
FLASH_DriverIRQHandler                            ./startup/startup_lpc804.o
FLASH_IRQHandler                                  ./startup/startup_lpc804.o
GPIO_PinInit                                      ./drivers/fsl_gpio.o
                                                  ./board/pin_mux.o
                                                  ./source/LPC804_Interrupt_LED_Toggle.o
GPIO_PortInit                                     ./drivers/fsl_gpio.o
HAL_UartDeinit                                    ./component/uart/miniusart_adapter.o
                                                  ./utilities/fsl_debug_console.o
HAL_UartEnterLowpower                             ./component/uart/miniusart_adapter.o
HAL_UartExitLowpower                              ./component/uart/miniusart_adapter.o
HAL_UartInit                                      ./component/uart/miniusart_adapter.o
                                                  ./utilities/fsl_debug_console.o
HAL_UartReceiveBlocking                           ./component/uart/miniusart_adapter.o
                                                  ./utilities/fsl_debug_console.o
HAL_UartSendBlocking                              ./component/uart/miniusart_adapter.o
                                                  ./utilities/fsl_debug_console.o
HardFault_Handler                                 ./source/semihost_hardfault.o
                                                  ./startup/startup_lpc804.o
I2C0_DriverIRQHandler                             ./startup/startup_lpc804.o
I2C0_IRQHandler                                   ./startup/startup_lpc804.o
I2C1_DriverIRQHandler                             ./startup/startup_lpc804.o
I2C1_IRQHandler                                   ./startup/startup_lpc804.o
INPUT_CONFIG                                      ./source/LPC804_Interrupt_LED_Toggle.o
IntDefaultHandler                                 ./startup/startup_lpc804.o
MRT0_DriverIRQHandler                             ./startup/startup_lpc804.o
MRT0_IRQHandler                                   ./startup/startup_lpc804.o
NMI_Handler                                       ./startup/startup_lpc804.o
OUTPUT_CONFIG                                     ./source/LPC804_Interrupt_LED_Toggle.o
PINT_Deinit                                       ./drivers/fsl_pint.o
PINT_DisableCallback                              ./drivers/fsl_pint.o
PINT_DisableCallbackByIndex                       ./drivers/fsl_pint.o
PINT_EnableCallback                               ./drivers/fsl_pint.o
PINT_EnableCallbackByIndex                        ./drivers/fsl_pint.o
                                                  ./source/LPC804_Interrupt_LED_Toggle.o
PINT_Init                                         ./drivers/fsl_pint.o
                                                  ./board/peripherals.o
                                                  ./source/LPC804_Interrupt_LED_Toggle.o
PINT_PatternMatchConfig                           ./drivers/fsl_pint.o
PINT_PatternMatchGetConfig                        ./drivers/fsl_pint.o
PINT_PatternMatchResetDetectLogic                 ./drivers/fsl_pint.o
PINT_PinInterruptClrStatus                        ./drivers/fsl_pint.o
                                                  ./source/LPC804_Interrupt_LED_Toggle.o
PINT_PinInterruptClrStatusAll                     ./drivers/fsl_pint.o
PINT_PinInterruptConfig                           ./drivers/fsl_pint.o
                                                  ./board/peripherals.o
                                                  ./source/LPC804_Interrupt_LED_Toggle.o
PINT_PinInterruptGetConfig                        ./drivers/fsl_pint.o
PIN_INT0_DriverIRQHandler                         ./drivers/fsl_pint.o
                                                  ./startup/startup_lpc804.o
PIN_INT0_IRQHandler                               ./startup/startup_lpc804.o
PIN_INT1_DriverIRQHandler                         ./drivers/fsl_pint.o
                                                  ./startup/startup_lpc804.o
PIN_INT1_IRQHandler                               ./startup/startup_lpc804.o
PIN_INT2_DriverIRQHandler                         ./drivers/fsl_pint.o
                                                  ./startup/startup_lpc804.o
PIN_INT2_IRQHandler                               ./startup/startup_lpc804.o
PIN_INT3_DriverIRQHandler                         ./drivers/fsl_pint.o
                                                  ./startup/startup_lpc804.o
PIN_INT3_IRQHandler                               ./startup/startup_lpc804.o
PIN_INT4_DriverIRQHandler                         ./drivers/fsl_pint.o
                                                  ./startup/startup_lpc804.o
PIN_INT4_IRQHandler                               ./startup/startup_lpc804.o
PIN_INT5_DAC1_IRQHandler                          ./drivers/fsl_pint.o
PIN_INT5_DriverIRQHandler                         ./startup/startup_lpc804.o
PIN_INT5_IRQHandler                               ./startup/startup_lpc804.o
PIN_INT6_DriverIRQHandler                         ./startup/startup_lpc804.o
PIN_INT6_IRQHandler                               ./startup/startup_lpc804.o
PIN_INT6_USART3_IRQHandler                        ./drivers/fsl_pint.o
PIN_INT7_DriverIRQHandler                         ./startup/startup_lpc804.o
PIN_INT7_IRQHandler                               ./startup/startup_lpc804.o
PIN_INT7_USART4_IRQHandler                        ./drivers/fsl_pint.o
POWER_EnterDeepPowerDownMode                      ./drivers/fsl_power.o
POWER_EnterDeepSleep                              ./drivers/fsl_power.o
POWER_EnterPowerDown                              ./drivers/fsl_power.o
POWER_EnterSleep                                  ./drivers/fsl_power.o
PendSV_Handler                                    ./startup/startup_lpc804.o
RESET_PeripheralReset                             ./drivers/fsl_reset.o
                                                  ./drivers/fsl_usart.o
                                                  ./drivers/fsl_pint.o
                                                  ./drivers/fsl_gpio.o
Reserved17_DriverIRQHandler                       ./startup/startup_lpc804.o
Reserved17_IRQHandler                             ./startup/startup_lpc804.o
Reserved21_DriverIRQHandler                       ./startup/startup_lpc804.o
Reserved21_IRQHandler                             ./startup/startup_lpc804.o
Reserved22_DriverIRQHandler                       ./startup/startup_lpc804.o
Reserved22_IRQHandler                             ./startup/startup_lpc804.o
Reserved25_DriverIRQHandler                       ./startup/startup_lpc804.o
Reserved25_IRQHandler                             ./startup/startup_lpc804.o
Reserved36_DriverIRQHandler                       ./startup/startup_lpc804.o
Reserved36_IRQHandler                             ./startup/startup_lpc804.o
Reserved37_DriverIRQHandler                       ./startup/startup_lpc804.o
Reserved37_IRQHandler                             ./startup/startup_lpc804.o
Reserved38_DriverIRQHandler                       ./startup/startup_lpc804.o
Reserved38_IRQHandler                             ./startup/startup_lpc804.o
ResetISR                                          ./startup/startup_lpc804.o
SDK_DelayAtLeastUs                                ./drivers/fsl_common.o
SDK_Free                                          ./drivers/fsl_common.o
SDK_Malloc                                        ./drivers/fsl_common.o
SPI0_DriverIRQHandler                             ./startup/startup_lpc804.o
SPI0_IRQHandler                                   ./startup/startup_lpc804.o
SVC_Handler                                       ./startup/startup_lpc804.o
SWM_SetFixedMovablePinSelect                      ./drivers/fsl_swm.o
SWM_SetFixedPinSelect                             ./drivers/fsl_swm.o
                                                  ./board/pin_mux.o
SWM_SetMovablePinSelect                           ./drivers/fsl_swm.o
                                                  ./board/pin_mux.o
SYSCON_AttachSignal                               ./drivers/fsl_syscon.o
                                                  ./source/LPC804_Interrupt_LED_Toggle.o
SysTick_Handler                                   ./startup/startup_lpc804.o
SystemCoreClock                                   ./device/system_LPC804.o
                                                  ./board/clock_config.o
SystemCoreClockUpdate                             ./device/system_LPC804.o
SystemInit                                        ./device/system_LPC804.o
                                                  ./startup/startup_lpc804.o
SystemInitHook                                    ./device/system_LPC804.o
USART0_DriverIRQHandler                           ./drivers/fsl_usart.o
                                                  ./startup/startup_lpc804.o
USART0_IRQHandler                                 ./startup/startup_lpc804.o
USART1_DriverIRQHandler                           ./drivers/fsl_usart.o
                                                  ./startup/startup_lpc804.o
USART1_IRQHandler                                 ./startup/startup_lpc804.o
USART_Deinit                                      ./drivers/fsl_usart.o
                                                  ./component/uart/miniusart_adapter.o
USART_GetDefaultConfig                            ./drivers/fsl_usart.o
                                                  ./component/uart/miniusart_adapter.o
USART_GetInstance                                 ./drivers/fsl_usart.o
USART_Init                                        ./drivers/fsl_usart.o
                                                  ./component/uart/miniusart_adapter.o
USART_ReadBlocking                                ./drivers/fsl_usart.o
                                                  ./component/uart/miniusart_adapter.o
USART_SetBaudRate                                 ./drivers/fsl_usart.o
USART_TransferAbortReceive                        ./drivers/fsl_usart.o
USART_TransferAbortSend                           ./drivers/fsl_usart.o
USART_TransferCreateHandle                        ./drivers/fsl_usart.o
USART_TransferGetReceiveCount                     ./drivers/fsl_usart.o
USART_TransferGetRxRingBufferLength               ./drivers/fsl_usart.o
USART_TransferGetSendCount                        ./drivers/fsl_usart.o
USART_TransferHandleIRQ                           ./drivers/fsl_usart.o
USART_TransferReceiveNonBlocking                  ./drivers/fsl_usart.o
USART_TransferSendNonBlocking                     ./drivers/fsl_usart.o
USART_TransferStartRingBuffer                     ./drivers/fsl_usart.o
USART_TransferStopRingBuffer                      ./drivers/fsl_usart.o
USART_WriteBlocking                               ./drivers/fsl_usart.o
                                                  ./component/uart/miniusart_adapter.o
WDT_DriverIRQHandler                              ./startup/startup_lpc804.o
WDT_IRQHandler                                    ./startup/startup_lpc804.o
WKT_DriverIRQHandler                              ./startup/startup_lpc804.o
WKT_IRQHandler                                    ./startup/startup_lpc804.o
_Csys_alloc                                       c:/nxp/mcuxpressoide_11.2.1_4149/ide/plugins/com.nxp.mcuxpresso.tools.win32_11.2.0.202008311134/tools/bin/../lib/gcc/arm-none-eabi/9.2.1/../../../../arm-none-eabi/lib/thumb/v6-m/nofp\libcr_c.a(alloc.o)
                                                  c:/nxp/mcuxpressoide_11.2.1_4149/ide/plugins/com.nxp.mcuxpresso.tools.win32_11.2.0.202008311134/tools/bin/../lib/gcc/arm-none-eabi/9.2.1/../../../../arm-none-eabi/lib/thumb/v6-m/nofp\libcr_c.a(_deferredlazyseek.o)
_Cwritebuf                                        c:/nxp/mcuxpressoide_11.2.1_4149/ide/plugins/com.nxp.mcuxpresso.tools.win32_11.2.0.202008311134/tools/bin/../lib/gcc/arm-none-eabi/9.2.1/../../../../arm-none-eabi/lib/thumb/v6-m/nofp\libcr_c.a(_writebuf.o)
                                                  c:/nxp/mcuxpressoide_11.2.1_4149/ide/plugins/com.nxp.mcuxpresso.tools.win32_11.2.0.202008311134/tools/bin/../lib/gcc/arm-none-eabi/9.2.1/../../../../arm-none-eabi/lib/thumb/v6-m/nofp\libcr_c.a(_fflush.o)
                                                  c:/nxp/mcuxpressoide_11.2.1_4149/ide/plugins/com.nxp.mcuxpresso.tools.win32_11.2.0.202008311134/tools/bin/../lib/gcc/arm-none-eabi/9.2.1/../../../../arm-none-eabi/lib/thumb/v6-m/nofp\libcr_c.a(_deferredlazyseek.o)
__CR_SEMIHOST                                     c:/nxp/mcuxpressoide_11.2.1_4149/ide/plugins/com.nxp.mcuxpresso.tools.win32_11.2.0.202008311134/tools/bin/../lib/gcc/arm-none-eabi/9.2.1/../../../../arm-none-eabi/lib/thumb/v6-m/nofp\libcr_semihost_nf.a(_cr__main.o)
__Ciob                                            c:/nxp/mcuxpressoide_11.2.1_4149/ide/plugins/com.nxp.mcuxpresso.tools.win32_11.2.0.202008311134/tools/bin/../lib/gcc/arm-none-eabi/9.2.1/../../../../arm-none-eabi/lib/thumb/v6-m/nofp\libcr_semihost_nf.a(__ciob.o)
                                                  c:/nxp/mcuxpressoide_11.2.1_4149/ide/plugins/com.nxp.mcuxpresso.tools.win32_11.2.0.202008311134/tools/bin/../lib/gcc/arm-none-eabi/9.2.1/../../../../arm-none-eabi/lib/thumb/v6-m/nofp\libcr_c.a(fflush.o)
                                                  c:/nxp/mcuxpressoide_11.2.1_4149/ide/plugins/com.nxp.mcuxpresso.tools.win32_11.2.0.202008311134/tools/bin/../lib/gcc/arm-none-eabi/9.2.1/../../../../arm-none-eabi/lib/thumb/v6-m/nofp\libcr_c.a(initio.o)
                                                  c:/nxp/mcuxpressoide_11.2.1_4149/ide/plugins/com.nxp.mcuxpresso.tools.win32_11.2.0.202008311134/tools/bin/../lib/gcc/arm-none-eabi/9.2.1/../../../../arm-none-eabi/lib/thumb/v6-m/nofp\libcr_semihost_nf.a(_cr_assert.o)
__Vectors                                         ./startup/startup_lpc804.o
__aeabi_idiv                                      c:/nxp/mcuxpressoide_11.2.1_4149/ide/plugins/com.nxp.mcuxpresso.tools.win32_11.2.0.202008311134/tools/bin/../lib/gcc/arm-none-eabi/9.2.1/thumb/v6-m/nofp\libcr_eabihelpers.a(division_32.o)
__aeabi_idiv0                                     c:/nxp/mcuxpressoide_11.2.1_4149/ide/plugins/com.nxp.mcuxpresso.tools.win32_11.2.0.202008311134/tools/bin/../lib/gcc/arm-none-eabi/9.2.1/thumb/v6-m/nofp\libcr_eabihelpers.a(division_idiv0.o)
                                                  c:/nxp/mcuxpressoide_11.2.1_4149/ide/plugins/com.nxp.mcuxpresso.tools.win32_11.2.0.202008311134/tools/bin/../lib/gcc/arm-none-eabi/9.2.1/thumb/v6-m/nofp\libcr_eabihelpers.a(division_64.o)
                                                  c:/nxp/mcuxpressoide_11.2.1_4149/ide/plugins/com.nxp.mcuxpresso.tools.win32_11.2.0.202008311134/tools/bin/../lib/gcc/arm-none-eabi/9.2.1/thumb/v6-m/nofp\libcr_eabihelpers.a(division_32.o)
__aeabi_idivmod                                   c:/nxp/mcuxpressoide_11.2.1_4149/ide/plugins/com.nxp.mcuxpresso.tools.win32_11.2.0.202008311134/tools/bin/../lib/gcc/arm-none-eabi/9.2.1/thumb/v6-m/nofp\libcr_eabihelpers.a(division_32.o)
__aeabi_lasr                                      c:/nxp/mcuxpressoide_11.2.1_4149/ide/plugins/com.nxp.mcuxpresso.tools.win32_11.2.0.202008311134/tools/bin/../lib/gcc/arm-none-eabi/9.2.1/thumb/v6-m/nofp\libcr_eabihelpers.a(llong.o)
__aeabi_lcmp                                      c:/nxp/mcuxpressoide_11.2.1_4149/ide/plugins/com.nxp.mcuxpresso.tools.win32_11.2.0.202008311134/tools/bin/../lib/gcc/arm-none-eabi/9.2.1/thumb/v6-m/nofp\libcr_eabihelpers.a(llong.o)
__aeabi_ldivmod                                   c:/nxp/mcuxpressoide_11.2.1_4149/ide/plugins/com.nxp.mcuxpresso.tools.win32_11.2.0.202008311134/tools/bin/../lib/gcc/arm-none-eabi/9.2.1/thumb/v6-m/nofp\libcr_eabihelpers.a(division_64.o)
__aeabi_llsl                                      c:/nxp/mcuxpressoide_11.2.1_4149/ide/plugins/com.nxp.mcuxpresso.tools.win32_11.2.0.202008311134/tools/bin/../lib/gcc/arm-none-eabi/9.2.1/thumb/v6-m/nofp\libcr_eabihelpers.a(llong.o)
__aeabi_llsr                                      c:/nxp/mcuxpressoide_11.2.1_4149/ide/plugins/com.nxp.mcuxpresso.tools.win32_11.2.0.202008311134/tools/bin/../lib/gcc/arm-none-eabi/9.2.1/thumb/v6-m/nofp\libcr_eabihelpers.a(llong.o)
__aeabi_lmul                                      c:/nxp/mcuxpressoide_11.2.1_4149/ide/plugins/com.nxp.mcuxpresso.tools.win32_11.2.0.202008311134/tools/bin/../lib/gcc/arm-none-eabi/9.2.1/thumb/v6-m/nofp\libcr_eabihelpers.a(llong.o)
                                                  ./drivers/fsl_common.o
__aeabi_lowlevel_memset                           c:/nxp/mcuxpressoide_11.2.1_4149/ide/plugins/com.nxp.mcuxpresso.tools.win32_11.2.0.202008311134/tools/bin/../lib/gcc/arm-none-eabi/9.2.1/thumb/v6-m/nofp\libcr_eabihelpers.a(memcpy.o)
                                                  c:/nxp/mcuxpressoide_11.2.1_4149/ide/plugins/com.nxp.mcuxpresso.tools.win32_11.2.0.202008311134/tools/bin/../lib/gcc/arm-none-eabi/9.2.1/../../../../arm-none-eabi/lib/thumb/v6-m/nofp\libcr_c.a(memset.o)
__aeabi_memclr                                    c:/nxp/mcuxpressoide_11.2.1_4149/ide/plugins/com.nxp.mcuxpresso.tools.win32_11.2.0.202008311134/tools/bin/../lib/gcc/arm-none-eabi/9.2.1/thumb/v6-m/nofp\libcr_eabihelpers.a(memcpy.o)
__aeabi_memclr4                                   c:/nxp/mcuxpressoide_11.2.1_4149/ide/plugins/com.nxp.mcuxpresso.tools.win32_11.2.0.202008311134/tools/bin/../lib/gcc/arm-none-eabi/9.2.1/thumb/v6-m/nofp\libcr_eabihelpers.a(memcpy.o)
__aeabi_memclr8                                   c:/nxp/mcuxpressoide_11.2.1_4149/ide/plugins/com.nxp.mcuxpresso.tools.win32_11.2.0.202008311134/tools/bin/../lib/gcc/arm-none-eabi/9.2.1/thumb/v6-m/nofp\libcr_eabihelpers.a(memcpy.o)
__aeabi_memcpy                                    c:/nxp/mcuxpressoide_11.2.1_4149/ide/plugins/com.nxp.mcuxpresso.tools.win32_11.2.0.202008311134/tools/bin/../lib/gcc/arm-none-eabi/9.2.1/thumb/v6-m/nofp\libcr_eabihelpers.a(memcpy.o)
                                                  c:/nxp/mcuxpressoide_11.2.1_4149/ide/plugins/com.nxp.mcuxpresso.tools.win32_11.2.0.202008311134/tools/bin/../lib/gcc/arm-none-eabi/9.2.1/../../../../arm-none-eabi/lib/thumb/v6-m/nofp\libcr_c.a(memcpy.o)
__aeabi_memcpy4                                   c:/nxp/mcuxpressoide_11.2.1_4149/ide/plugins/com.nxp.mcuxpresso.tools.win32_11.2.0.202008311134/tools/bin/../lib/gcc/arm-none-eabi/9.2.1/thumb/v6-m/nofp\libcr_eabihelpers.a(memcpy.o)
__aeabi_memcpy8                                   c:/nxp/mcuxpressoide_11.2.1_4149/ide/plugins/com.nxp.mcuxpresso.tools.win32_11.2.0.202008311134/tools/bin/../lib/gcc/arm-none-eabi/9.2.1/thumb/v6-m/nofp\libcr_eabihelpers.a(memcpy.o)
__aeabi_memmove                                   c:/nxp/mcuxpressoide_11.2.1_4149/ide/plugins/com.nxp.mcuxpresso.tools.win32_11.2.0.202008311134/tools/bin/../lib/gcc/arm-none-eabi/9.2.1/thumb/v6-m/nofp\libcr_eabihelpers.a(memcpy.o)
__aeabi_memmove4                                  c:/nxp/mcuxpressoide_11.2.1_4149/ide/plugins/com.nxp.mcuxpresso.tools.win32_11.2.0.202008311134/tools/bin/../lib/gcc/arm-none-eabi/9.2.1/thumb/v6-m/nofp\libcr_eabihelpers.a(memcpy.o)
__aeabi_memmove8                                  c:/nxp/mcuxpressoide_11.2.1_4149/ide/plugins/com.nxp.mcuxpresso.tools.win32_11.2.0.202008311134/tools/bin/../lib/gcc/arm-none-eabi/9.2.1/thumb/v6-m/nofp\libcr_eabihelpers.a(memcpy.o)
__aeabi_memset                                    c:/nxp/mcuxpressoide_11.2.1_4149/ide/plugins/com.nxp.mcuxpresso.tools.win32_11.2.0.202008311134/tools/bin/../lib/gcc/arm-none-eabi/9.2.1/thumb/v6-m/nofp\libcr_eabihelpers.a(memcpy.o)
__aeabi_memset4                                   c:/nxp/mcuxpressoide_11.2.1_4149/ide/plugins/com.nxp.mcuxpresso.tools.win32_11.2.0.202008311134/tools/bin/../lib/gcc/arm-none-eabi/9.2.1/thumb/v6-m/nofp\libcr_eabihelpers.a(memcpy.o)
__aeabi_memset8                                   c:/nxp/mcuxpressoide_11.2.1_4149/ide/plugins/com.nxp.mcuxpresso.tools.win32_11.2.0.202008311134/tools/bin/../lib/gcc/arm-none-eabi/9.2.1/thumb/v6-m/nofp\libcr_eabihelpers.a(memcpy.o)
__aeabi_uidiv                                     c:/nxp/mcuxpressoide_11.2.1_4149/ide/plugins/com.nxp.mcuxpresso.tools.win32_11.2.0.202008311134/tools/bin/../lib/gcc/arm-none-eabi/9.2.1/thumb/v6-m/nofp\libcr_eabihelpers.a(division_32.o)
                                                  ./device/system_LPC804.o
                                                  ./drivers/fsl_usart.o
                                                  ./drivers/fsl_clock.o
__aeabi_uidivmod                                  c:/nxp/mcuxpressoide_11.2.1_4149/ide/plugins/com.nxp.mcuxpresso.tools.win32_11.2.0.202008311134/tools/bin/../lib/gcc/arm-none-eabi/9.2.1/thumb/v6-m/nofp\libcr_eabihelpers.a(division_32.o)
__aeabi_ulcmp                                     c:/nxp/mcuxpressoide_11.2.1_4149/ide/plugins/com.nxp.mcuxpresso.tools.win32_11.2.0.202008311134/tools/bin/../lib/gcc/arm-none-eabi/9.2.1/thumb/v6-m/nofp\libcr_eabihelpers.a(llong.o)
__aeabi_uldivmod                                  c:/nxp/mcuxpressoide_11.2.1_4149/ide/plugins/com.nxp.mcuxpresso.tools.win32_11.2.0.202008311134/tools/bin/../lib/gcc/arm-none-eabi/9.2.1/thumb/v6-m/nofp\libcr_eabihelpers.a(division_64.o)
                                                  ./drivers/fsl_common.o
                                                  ./drivers/fsl_clock.o
__assertion_failed                                c:/nxp/mcuxpressoide_11.2.1_4149/ide/plugins/com.nxp.mcuxpresso.tools.win32_11.2.0.202008311134/tools/bin/../lib/gcc/arm-none-eabi/9.2.1/../../../../arm-none-eabi/lib/thumb/v6-m/nofp\libcr_semihost_nf.a(_cr_assert.o)
                                                  ./board/clock_config.o
                                                  ./component/uart/miniusart_adapter.o
                                                  ./drivers/fsl_usart.o
                                                  ./drivers/fsl_swm.o
                                                  ./drivers/fsl_reset.o
                                                  ./drivers/fsl_power.o
                                                  ./drivers/fsl_pint.o
                                                  ./drivers/fsl_gpio.o
                                                  ./drivers/fsl_common.o
                                                  ./drivers/fsl_clock.o
__bss_section_table_end                           ./startup/startup_lpc804.o
__check_heap_overflow                             c:/nxp/mcuxpressoide_11.2.1_4149/ide/plugins/com.nxp.mcuxpresso.tools.win32_11.2.0.202008311134/tools/bin/../lib/gcc/arm-none-eabi/9.2.1/../../../../arm-none-eabi/lib/thumb/v6-m/nofp\libcr_c.a(_cr_check_heap.o)
                                                  c:/nxp/mcuxpressoide_11.2.1_4149/ide/plugins/com.nxp.mcuxpresso.tools.win32_11.2.0.202008311134/tools/bin/../lib/gcc/arm-none-eabi/9.2.1/../../../../arm-none-eabi/lib/thumb/v6-m/nofp\libcr_c.a(_cr_sbrk.o)
__data_section_table                              ./startup/startup_lpc804.o
__data_section_table_end                          ./startup/startup_lpc804.o
__end_of_heap                                     c:/nxp/mcuxpressoide_11.2.1_4149/ide/plugins/com.nxp.mcuxpresso.tools.win32_11.2.0.202008311134/tools/bin/../lib/gcc/arm-none-eabi/9.2.1/../../../../arm-none-eabi/lib/thumb/v6-m/nofp\libcr_c.a(__init_alloc.o)
                                                  c:/nxp/mcuxpressoide_11.2.1_4149/ide/plugins/com.nxp.mcuxpresso.tools.win32_11.2.0.202008311134/tools/bin/../lib/gcc/arm-none-eabi/9.2.1/../../../../arm-none-eabi/lib/thumb/v6-m/nofp\libcr_c.a(_cr_sbrk.o)
__exit                                            c:/nxp/mcuxpressoide_11.2.1_4149/ide/plugins/com.nxp.mcuxpresso.tools.win32_11.2.0.202008311134/tools/bin/../lib/gcc/arm-none-eabi/9.2.1/../../../../arm-none-eabi/lib/thumb/v6-m/nofp\libcr_semihost_nf.a(__sys_appexit.o)
__flsbuf                                          c:/nxp/mcuxpressoide_11.2.1_4149/ide/plugins/com.nxp.mcuxpresso.tools.win32_11.2.0.202008311134/tools/bin/../lib/gcc/arm-none-eabi/9.2.1/../../../../arm-none-eabi/lib/thumb/v6-m/nofp\libcr_c.a(_deferredlazyseek.o)
                                                  c:/nxp/mcuxpressoide_11.2.1_4149/ide/plugins/com.nxp.mcuxpresso.tools.win32_11.2.0.202008311134/tools/bin/../lib/gcc/arm-none-eabi/9.2.1/../../../../arm-none-eabi/lib/thumb/v6-m/nofp\libcr_c.a(fputs.o)
                                                  c:/nxp/mcuxpressoide_11.2.1_4149/ide/plugins/com.nxp.mcuxpresso.tools.win32_11.2.0.202008311134/tools/bin/../lib/gcc/arm-none-eabi/9.2.1/../../../../arm-none-eabi/lib/thumb/v6-m/nofp\libcr_semihost_nf.a(_cr_assert.o)
__heaps                                           c:/nxp/mcuxpressoide_11.2.1_4149/ide/plugins/com.nxp.mcuxpresso.tools.win32_11.2.0.202008311134/tools/bin/../lib/gcc/arm-none-eabi/9.2.1/../../../../arm-none-eabi/lib/thumb/v6-m/nofp\libcr_c.a(__init_alloc.o)
                                                  c:/nxp/mcuxpressoide_11.2.1_4149/ide/plugins/com.nxp.mcuxpresso.tools.win32_11.2.0.202008311134/tools/bin/../lib/gcc/arm-none-eabi/9.2.1/../../../../arm-none-eabi/lib/thumb/v6-m/nofp\libcr_c.a(alloc.o)